19:40:54 **** Incremental Build of configuration Debug for project 24_UART_Interrupt_DMA_Polling ****
make -j4 all 
arm-none-eabi-gcc "../Core/Src/main.c" -mcpu=cortex-m3 -std=gnu11 -g3 -DDEBUG -DUSE_HAL_DRIVER -DSTM32F103xB -c -I../Core/Inc -I../Drivers/STM32F1xx_HAL_Driver/Inc -I../Drivers/STM32F1xx_HAL_Driver/Inc/Legacy -I../Drivers/CMSIS/Device/ST/STM32F1xx/Include -I../Drivers/CMSIS/Include -O0 -ffunction-sections -fdata-sections -Wall -fstack-usage -fcyclomatic-complexity -MMD -MP -MF"Core/Src/main.d" -MT"Core/Src/main.o" --specs=nano.specs -mfloat-abi=soft -mthumb -o "Core/Src/main.o"
arm-none-eabi-g++ -o "24_UART_Interrupt_DMA_Polling.elf" @"objects.list"   -mcpu=cortex-m3 -T"C:\Users\PanTalir\Documents\GitHub\Programming\STM32Cube\Nucleo_64\24_UART_Interrupt_DMA_Polling\STM32F103RBTX_FLASH.ld" --specs=nosys.specs -Wl,-Map="24_UART_Interrupt_DMA_Polling.map" -Wl,--gc-sections -static --specs=nano.specs -mfloat-abi=soft -mthumb -Wl,--start-group -lc -lm -lstdc++ -lsupc++ -Wl,--end-group
Finished building target: 24_UART_Interrupt_DMA_Polling.elf
 
arm-none-eabi-size  24_UART_Interrupt_DMA_Polling.elf 
arm-none-eabi-objdump -h -S 24_UART_Interrupt_DMA_Polling.elf  > "24_UART_Interrupt_DMA_Polling.list"
   text	   data	    bss	    dec	    hex	filename
  11000	     12	   1796	  12808	   3208	24_UART_Interrupt_DMA_Polling.elf
Finished building: default.size.stdout
 
Finished building: 24_UART_Interrupt_DMA_Polling.list
 

19:40:54 Build Finished. 0 errors, 0 warnings. (took 911ms)

