01:35:33 **** Incremental Build of configuration Debug for project 26_LCD16X2 ****
make -j4 all 
arm-none-eabi-gcc "../Drivers/LCD16X2/LCD16X2_cfg.c" -mcpu=cortex-m3 -std=gnu11 -g3 -DDEBUG -DUSE_HAL_DRIVER -DSTM32F103xB -c -I../Core/Inc -I../Drivers/STM32F1xx_HAL_Driver/Inc -I../Drivers/STM32F1xx_HAL_Driver/Inc/Legacy -I../Drivers/CMSIS/Device/ST/STM32F1xx/Include -I../Drivers/CMSIS/Include -O0 -ffunction-sections -fdata-sections -Wall -fstack-usage -fcyclomatic-complexity -MMD -MP -MF"Drivers/LCD16X2/LCD16X2_cfg.d" -MT"Drivers/LCD16X2/LCD16X2_cfg.o" --specs=nano.specs -mfloat-abi=soft -mthumb -o "Drivers/LCD16X2/LCD16X2_cfg.o"
arm-none-eabi-g++ -o "26_LCD16X2.elf" @"objects.list"   -mcpu=cortex-m3 -T"C:\Users\PanTalir\Documents\GitHub\Programming\STM32Cube\Nucleo_64\26_LCD16X2\STM32F103RBTX_FLASH.ld" --specs=nosys.specs -Wl,-Map="26_LCD16X2.map" -Wl,--gc-sections -static --specs=nano.specs -mfloat-abi=soft -mthumb -Wl,--start-group -lc -lm -lstdc++ -lsupc++ -Wl,--end-group
Finished building target: 26_LCD16X2.elf
 
arm-none-eabi-size  26_LCD16X2.elf 
arm-none-eabi-objdump -h -S 26_LCD16X2.elf  > "26_LCD16X2.list"
   text	   data	    bss	    dec	    hex	filename
   8284	     12	   1644	   9940	   26d4	26_LCD16X2.elf
Finished building: default.size.stdout
 
Finished building: 26_LCD16X2.list
 
01:35:43 **** Incremental Build of configuration Debug for project 26_LCD16X2 ****
make -j4 all 
arm-none-eabi-size  26_LCD16X2.elf 
   text	   data	    bss	    dec	    hex	filename
   8284	     12	   1644	   9940	   26d4	26_LCD16X2.elf
Finished building: default.size.stdout
 
01:38:54 **** Incremental Build of configuration Debug for project 26_LCD16X2 ****
make -j4 all 
arm-none-eabi-size  26_LCD16X2.elf 
   text	   data	    bss	    dec	    hex	filename
   8284	     12	   1644	   9940	   26d4	26_LCD16X2.elf
Finished building: default.size.stdout
 
01:41:48 **** Incremental Build of configuration Debug for project 26_LCD16X2 ****
make -j4 all 
arm-none-eabi-gcc "../Drivers/LCD16X2/LCD16X2.c" -mcpu=cortex-m3 -std=gnu11 -g3 -DDEBUG -DUSE_HAL_DRIVER -DSTM32F103xB -c -I../Core/Inc -I../Drivers/STM32F1xx_HAL_Driver/Inc -I../Drivers/STM32F1xx_HAL_Driver/Inc/Legacy -I../Drivers/CMSIS/Device/ST/STM32F1xx/Include -I../Drivers/CMSIS/Include -O0 -ffunction-sections -fdata-sections -Wall -fstack-usage -fcyclomatic-complexity -MMD -MP -MF"Drivers/LCD16X2/LCD16X2.d" -MT"Drivers/LCD16X2/LCD16X2.o" --specs=nano.specs -mfloat-abi=soft -mthumb -o "Drivers/LCD16X2/LCD16X2.o"
arm-none-eabi-gcc "../Drivers/LCD16X2/LCD16X2_cfg.c" -mcpu=cortex-m3 -std=gnu11 -g3 -DDEBUG -DUSE_HAL_DRIVER -DSTM32F103xB -c -I../Core/Inc -I../Drivers/STM32F1xx_HAL_Driver/Inc -I../Drivers/STM32F1xx_HAL_Driver/Inc/Legacy -I../Drivers/CMSIS/Device/ST/STM32F1xx/Include -I../Drivers/CMSIS/Include -O0 -ffunction-sections -fdata-sections -Wall -fstack-usage -fcyclomatic-complexity -MMD -MP -MF"Drivers/LCD16X2/LCD16X2_cfg.d" -MT"Drivers/LCD16X2/LCD16X2_cfg.o" --specs=nano.specs -mfloat-abi=soft -mthumb -o "Drivers/LCD16X2/LCD16X2_cfg.o"
arm-none-eabi-gcc "../Core/Src/main.c" -mcpu=cortex-m3 -std=gnu11 -g3 -DDEBUG -DUSE_HAL_DRIVER -DSTM32F103xB -c -I../Core/Inc -I../Drivers/STM32F1xx_HAL_Driver/Inc -I../Drivers/STM32F1xx_HAL_Driver/Inc/Legacy -I../Drivers/CMSIS/Device/ST/STM32F1xx/Include -I../Drivers/CMSIS/Include -O0 -ffunction-sections -fdata-sections -Wall -fstack-usage -fcyclomatic-complexity -MMD -MP -MF"Core/Src/main.d" -MT"Core/Src/main.o" --specs=nano.specs -mfloat-abi=soft -mthumb -o "Core/Src/main.o"
arm-none-eabi-g++ -o "26_LCD16X2.elf" @"objects.list"   -mcpu=cortex-m3 -T"C:\Users\PanTalir\Documents\GitHub\Programming\STM32Cube\Nucleo_64\26_LCD16X2\STM32F103RBTX_FLASH.ld" --specs=nosys.specs -Wl,-Map="26_LCD16X2.map" -Wl,--gc-sections -static --specs=nano.specs -mfloat-abi=soft -mthumb -Wl,--start-group -lc -lm -lstdc++ -lsupc++ -Wl,--end-group
Finished building target: 26_LCD16X2.elf
 
arm-none-eabi-size  26_LCD16X2.elf 
arm-none-eabi-objdump -h -S 26_LCD16X2.elf  > "26_LCD16X2.list"
   text	   data	    bss	    dec	    hex	filename
   8300	     12	   1644	   9956	   26e4	26_LCD16X2.elf
Finished building: default.size.stdout
 
Finished building: 26_LCD16X2.list
 
01:52:21 **** Incremental Build of configuration Debug for project 26_LCD16X2 ****
make -j4 all 
arm-none-eabi-gcc "../Drivers/LCD16X2/LCD16X2.c" -mcpu=cortex-m3 -std=gnu11 -g3 -DDEBUG -DUSE_HAL_DRIVER -DSTM32F103xB -c -I../Core/Inc -I../Drivers/STM32F1xx_HAL_Driver/Inc -I../Drivers/STM32F1xx_HAL_Driver/Inc/Legacy -I../Drivers/CMSIS/Device/ST/STM32F1xx/Include -I../Drivers/CMSIS/Include -O0 -ffunction-sections -fdata-sections -Wall -fstack-usage -fcyclomatic-complexity -MMD -MP -MF"Drivers/LCD16X2/LCD16X2.d" -MT"Drivers/LCD16X2/LCD16X2.o" --specs=nano.specs -mfloat-abi=soft -mthumb -o "Drivers/LCD16X2/LCD16X2.o"
arm-none-eabi-g++ -o "26_LCD16X2.elf" @"objects.list"   -mcpu=cortex-m3 -T"C:\Users\PanTalir\Documents\GitHub\Programming\STM32Cube\Nucleo_64\26_LCD16X2\STM32F103RBTX_FLASH.ld" --specs=nosys.specs -Wl,-Map="26_LCD16X2.map" -Wl,--gc-sections -static --specs=nano.specs -mfloat-abi=soft -mthumb -Wl,--start-group -lc -lm -lstdc++ -lsupc++ -Wl,--end-group
Finished building target: 26_LCD16X2.elf
 
arm-none-eabi-size  26_LCD16X2.elf 
arm-none-eabi-objdump -h -S 26_LCD16X2.elf  > "26_LCD16X2.list"
   text	   data	    bss	    dec	    hex	filename
   8300	     12	   1644	   9956	   26e4	26_LCD16X2.elf
Finished building: default.size.stdout
 
Finished building: 26_LCD16X2.list
 
01:54:36 **** Incremental Build of configuration Debug for project 26_LCD16X2 ****
make -j4 all 
arm-none-eabi-size  26_LCD16X2.elf 
   text	   data	    bss	    dec	    hex	filename
   8300	     12	   1644	   9956	   26e4	26_LCD16X2.elf
Finished building: default.size.stdout
 
01:54:55 **** Incremental Build of configuration Debug for project 26_LCD16X2 ****
make -j4 all 
arm-none-eabi-size  26_LCD16X2.elf 
   text	   data	    bss	    dec	    hex	filename
   8300	     12	   1644	   9956	   26e4	26_LCD16X2.elf
Finished building: default.size.stdout
 
01:55:17 **** Incremental Build of configuration Debug for project 26_LCD16X2 ****
make -j4 all 
arm-none-eabi-size  26_LCD16X2.elf 
   text	   data	    bss	    dec	    hex	filename
   8300	     12	   1644	   9956	   26e4	26_LCD16X2.elf
Finished building: default.size.stdout
 
01:58:37 **** Incremental Build of configuration Debug for project 26_LCD16X2 ****
make -j4 all 
arm-none-eabi-gcc "../Drivers/LCD16X2/LCD16X2.c" -mcpu=cortex-m3 -std=gnu11 -g3 -DDEBUG -DUSE_HAL_DRIVER -DSTM32F103xB -c -I../Core/Inc -I../Drivers/STM32F1xx_HAL_Driver/Inc -I../Drivers/STM32F1xx_HAL_Driver/Inc/Legacy -I../Drivers/CMSIS/Device/ST/STM32F1xx/Include -I../Drivers/CMSIS/Include -O0 -ffunction-sections -fdata-sections -Wall -fstack-usage -fcyclomatic-complexity -MMD -MP -MF"Drivers/LCD16X2/LCD16X2.d" -MT"Drivers/LCD16X2/LCD16X2.o" --specs=nano.specs -mfloat-abi=soft -mthumb -o "Drivers/LCD16X2/LCD16X2.o"
arm-none-eabi-gcc "../Drivers/LCD16X2/LCD16X2_cfg.c" -mcpu=cortex-m3 -std=gnu11 -g3 -DDEBUG -DUSE_HAL_DRIVER -DSTM32F103xB -c -I../Core/Inc -I../Drivers/STM32F1xx_HAL_Driver/Inc -I../Drivers/STM32F1xx_HAL_Driver/Inc/Legacy -I../Drivers/CMSIS/Device/ST/STM32F1xx/Include -I../Drivers/CMSIS/Include -O0 -ffunction-sections -fdata-sections -Wall -fstack-usage -fcyclomatic-complexity -MMD -MP -MF"Drivers/LCD16X2/LCD16X2_cfg.d" -MT"Drivers/LCD16X2/LCD16X2_cfg.o" --specs=nano.specs -mfloat-abi=soft -mthumb -o "Drivers/LCD16X2/LCD16X2_cfg.o"
arm-none-eabi-gcc "../Core/Src/main.c" -mcpu=cortex-m3 -std=gnu11 -g3 -DDEBUG -DUSE_HAL_DRIVER -DSTM32F103xB -c -I../Core/Inc -I../Drivers/STM32F1xx_HAL_Driver/Inc -I../Drivers/STM32F1xx_HAL_Driver/Inc/Legacy -I../Drivers/CMSIS/Device/ST/STM32F1xx/Include -I../Drivers/CMSIS/Include -O0 -ffunction-sections -fdata-sections -Wall -fstack-usage -fcyclomatic-complexity -MMD -MP -MF"Core/Src/main.d" -MT"Core/Src/main.o" --specs=nano.specs -mfloat-abi=soft -mthumb -o "Core/Src/main.o"
arm-none-eabi-g++ -o "26_LCD16X2.elf" @"objects.list"   -mcpu=cortex-m3 -T"C:\Users\PanTalir\Documents\GitHub\Programming\STM32Cube\Nucleo_64\26_LCD16X2\STM32F103RBTX_FLASH.ld" --specs=nosys.specs -Wl,-Map="26_LCD16X2.map" -Wl,--gc-sections -static --specs=nano.specs -mfloat-abi=soft -mthumb -Wl,--start-group -lc -lm -lstdc++ -lsupc++ -Wl,--end-group
Finished building target: 26_LCD16X2.elf
 
arm-none-eabi-size  26_LCD16X2.elf 
arm-none-eabi-objdump -h -S 26_LCD16X2.elf  > "26_LCD16X2.list"
   text	   data	    bss	    dec	    hex	filename
   8296	     12	   1644	   9952	   26e0	26_LCD16X2.elf
Finished building: default.size.stdout
 
Finished building: 26_LCD16X2.list
 
01:59:28 **** Incremental Build of configuration Debug for project 26_LCD16X2 ****
make -j4 all 
arm-none-eabi-gcc "../Drivers/LCD16X2/LCD16X2.c" -mcpu=cortex-m3 -std=gnu11 -g3 -DDEBUG -DUSE_HAL_DRIVER -DSTM32F103xB -c -I../Core/Inc -I../Drivers/STM32F1xx_HAL_Driver/Inc -I../Drivers/STM32F1xx_HAL_Driver/Inc/Legacy -I../Drivers/CMSIS/Device/ST/STM32F1xx/Include -I../Drivers/CMSIS/Include -O0 -ffunction-sections -fdata-sections -Wall -fstack-usage -fcyclomatic-complexity -MMD -MP -MF"Drivers/LCD16X2/LCD16X2.d" -MT"Drivers/LCD16X2/LCD16X2.o" --specs=nano.specs -mfloat-abi=soft -mthumb -o "Drivers/LCD16X2/LCD16X2.o"
arm-none-eabi-gcc "../Drivers/LCD16X2/LCD16X2_cfg.c" -mcpu=cortex-m3 -std=gnu11 -g3 -DDEBUG -DUSE_HAL_DRIVER -DSTM32F103xB -c -I../Core/Inc -I../Drivers/STM32F1xx_HAL_Driver/Inc -I../Drivers/STM32F1xx_HAL_Driver/Inc/Legacy -I../Drivers/CMSIS/Device/ST/STM32F1xx/Include -I../Drivers/CMSIS/Include -O0 -ffunction-sections -fdata-sections -Wall -fstack-usage -fcyclomatic-complexity -MMD -MP -MF"Drivers/LCD16X2/LCD16X2_cfg.d" -MT"Drivers/LCD16X2/LCD16X2_cfg.o" --specs=nano.specs -mfloat-abi=soft -mthumb -o "Drivers/LCD16X2/LCD16X2_cfg.o"
arm-none-eabi-gcc "../Core/Src/main.c" -mcpu=cortex-m3 -std=gnu11 -g3 -DDEBUG -DUSE_HAL_DRIVER -DSTM32F103xB -c -I../Core/Inc -I../Drivers/STM32F1xx_HAL_Driver/Inc -I../Drivers/STM32F1xx_HAL_Driver/Inc/Legacy -I../Drivers/CMSIS/Device/ST/STM32F1xx/Include -I../Drivers/CMSIS/Include -O0 -ffunction-sections -fdata-sections -Wall -fstack-usage -fcyclomatic-complexity -MMD -MP -MF"Core/Src/main.d" -MT"Core/Src/main.o" --specs=nano.specs -mfloat-abi=soft -mthumb -o "Core/Src/main.o"
arm-none-eabi-g++ -o "26_LCD16X2.elf" @"objects.list"   -mcpu=cortex-m3 -T"C:\Users\PanTalir\Documents\GitHub\Programming\STM32Cube\Nucleo_64\26_LCD16X2\STM32F103RBTX_FLASH.ld" --specs=nosys.specs -Wl,-Map="26_LCD16X2.map" -Wl,--gc-sections -static --specs=nano.specs -mfloat-abi=soft -mthumb -Wl,--start-group -lc -lm -lstdc++ -lsupc++ -Wl,--end-group
Finished building target: 26_LCD16X2.elf
 
arm-none-eabi-size  26_LCD16X2.elf 
arm-none-eabi-objdump -h -S 26_LCD16X2.elf  > "26_LCD16X2.list"
   text	   data	    bss	    dec	    hex	filename
   8320	     12	   1644	   9976	   26f8	26_LCD16X2.elf
Finished building: default.size.stdout
 
Finished building: 26_LCD16X2.list
 
02:00:46 **** Incremental Build of configuration Debug for project 26_LCD16X2 ****
make -j4 all 
arm-none-eabi-gcc "../Drivers/LCD16X2/LCD16X2.c" -mcpu=cortex-m3 -std=gnu11 -g3 -DDEBUG -DUSE_HAL_DRIVER -DSTM32F103xB -c -I../Core/Inc -I../Drivers/STM32F1xx_HAL_Driver/Inc -I../Drivers/STM32F1xx_HAL_Driver/Inc/Legacy -I../Drivers/CMSIS/Device/ST/STM32F1xx/Include -I../Drivers/CMSIS/Include -O0 -ffunction-sections -fdata-sections -Wall -fstack-usage -fcyclomatic-complexity -MMD -MP -MF"Drivers/LCD16X2/LCD16X2.d" -MT"Drivers/LCD16X2/LCD16X2.o" --specs=nano.specs -mfloat-abi=soft -mthumb -o "Drivers/LCD16X2/LCD16X2.o"
arm-none-eabi-gcc "../Drivers/LCD16X2/LCD16X2_cfg.c" -mcpu=cortex-m3 -std=gnu11 -g3 -DDEBUG -DUSE_HAL_DRIVER -DSTM32F103xB -c -I../Core/Inc -I../Drivers/STM32F1xx_HAL_Driver/Inc -I../Drivers/STM32F1xx_HAL_Driver/Inc/Legacy -I../Drivers/CMSIS/Device/ST/STM32F1xx/Include -I../Drivers/CMSIS/Include -O0 -ffunction-sections -fdata-sections -Wall -fstack-usage -fcyclomatic-complexity -MMD -MP -MF"Drivers/LCD16X2/LCD16X2_cfg.d" -MT"Drivers/LCD16X2/LCD16X2_cfg.o" --specs=nano.specs -mfloat-abi=soft -mthumb -o "Drivers/LCD16X2/LCD16X2_cfg.o"
arm-none-eabi-gcc "../Core/Src/main.c" -mcpu=cortex-m3 -std=gnu11 -g3 -DDEBUG -DUSE_HAL_DRIVER -DSTM32F103xB -c -I../Core/Inc -I../Drivers/STM32F1xx_HAL_Driver/Inc -I../Drivers/STM32F1xx_HAL_Driver/Inc/Legacy -I../Drivers/CMSIS/Device/ST/STM32F1xx/Include -I../Drivers/CMSIS/Include -O0 -ffunction-sections -fdata-sections -Wall -fstack-usage -fcyclomatic-complexity -MMD -MP -MF"Core/Src/main.d" -MT"Core/Src/main.o" --specs=nano.specs -mfloat-abi=soft -mthumb -o "Core/Src/main.o"
arm-none-eabi-g++ -o "26_LCD16X2.elf" @"objects.list"   -mcpu=cortex-m3 -T"C:\Users\PanTalir\Documents\GitHub\Programming\STM32Cube\Nucleo_64\26_LCD16X2\STM32F103RBTX_FLASH.ld" --specs=nosys.specs -Wl,-Map="26_LCD16X2.map" -Wl,--gc-sections -static --specs=nano.specs -mfloat-abi=soft -mthumb -Wl,--start-group -lc -lm -lstdc++ -lsupc++ -Wl,--end-group
Finished building target: 26_LCD16X2.elf
 
arm-none-eabi-size  26_LCD16X2.elf 
arm-none-eabi-objdump -h -S 26_LCD16X2.elf  > "26_LCD16X2.list"
   text	   data	    bss	    dec	    hex	filename
   8320	     12	   1644	   9976	   26f8	26_LCD16X2.elf
Finished building: default.size.stdout
 
Finished building: 26_LCD16X2.list
 
