Archive member included to satisfy reference by file (symbol)

D:/STM32/STM32CubeCLT_1.18.0/GNU-tools-for-STM32/bin/../lib/gcc/arm-none-eabi/13.3.1/../../../../arm-none-eabi/lib/thumb/v7-m/nofp\libc_nano.a(libc_a-exit.o)
                              D:/STM32/STM32CubeCLT_1.18.0/GNU-tools-for-STM32/bin/../lib/gcc/arm-none-eabi/13.3.1/../../../../arm-none-eabi/lib/thumb/v7-m/nofp/crt0.o (exit)
D:/STM32/STM32CubeCLT_1.18.0/GNU-tools-for-STM32/bin/../lib/gcc/arm-none-eabi/13.3.1/../../../../arm-none-eabi/lib/thumb/v7-m/nofp\libc_nano.a(libc_a-findfp.o)
                              D:/STM32/STM32CubeCLT_1.18.0/GNU-tools-for-STM32/bin/../lib/gcc/arm-none-eabi/13.3.1/../../../../arm-none-eabi/lib/thumb/v7-m/nofp\libc_nano.a(libc_a-exit.o) (__stdio_exit_handler)
D:/STM32/STM32CubeCLT_1.18.0/GNU-tools-for-STM32/bin/../lib/gcc/arm-none-eabi/13.3.1/../../../../arm-none-eabi/lib/thumb/v7-m/nofp\libc_nano.a(libc_a-fwalk.o)
                              D:/STM32/STM32CubeCLT_1.18.0/GNU-tools-for-STM32/bin/../lib/gcc/arm-none-eabi/13.3.1/../../../../arm-none-eabi/lib/thumb/v7-m/nofp\libc_nano.a(libc_a-findfp.o) (_fwalk_sglue)
D:/STM32/STM32CubeCLT_1.18.0/GNU-tools-for-STM32/bin/../lib/gcc/arm-none-eabi/13.3.1/../../../../arm-none-eabi/lib/thumb/v7-m/nofp\libc_nano.a(libc_a-stdio.o)
                              D:/STM32/STM32CubeCLT_1.18.0/GNU-tools-for-STM32/bin/../lib/gcc/arm-none-eabi/13.3.1/../../../../arm-none-eabi/lib/thumb/v7-m/nofp\libc_nano.a(libc_a-findfp.o) (__sread)
D:/STM32/STM32CubeCLT_1.18.0/GNU-tools-for-STM32/bin/../lib/gcc/arm-none-eabi/13.3.1/../../../../arm-none-eabi/lib/thumb/v7-m/nofp\libc_nano.a(libc_a-memset.o)
                              D:/STM32/STM32CubeCLT_1.18.0/GNU-tools-for-STM32/bin/../lib/gcc/arm-none-eabi/13.3.1/../../../../arm-none-eabi/lib/thumb/v7-m/nofp/crt0.o (memset)
D:/STM32/STM32CubeCLT_1.18.0/GNU-tools-for-STM32/bin/../lib/gcc/arm-none-eabi/13.3.1/../../../../arm-none-eabi/lib/thumb/v7-m/nofp\libc_nano.a(libc_a-closer.o)
                              D:/STM32/STM32CubeCLT_1.18.0/GNU-tools-for-STM32/bin/../lib/gcc/arm-none-eabi/13.3.1/../../../../arm-none-eabi/lib/thumb/v7-m/nofp\libc_nano.a(libc_a-stdio.o) (_close_r)
D:/STM32/STM32CubeCLT_1.18.0/GNU-tools-for-STM32/bin/../lib/gcc/arm-none-eabi/13.3.1/../../../../arm-none-eabi/lib/thumb/v7-m/nofp\libc_nano.a(libc_a-reent.o)
                              D:/STM32/STM32CubeCLT_1.18.0/GNU-tools-for-STM32/bin/../lib/gcc/arm-none-eabi/13.3.1/../../../../arm-none-eabi/lib/thumb/v7-m/nofp\libc_nano.a(libc_a-closer.o) (errno)
D:/STM32/STM32CubeCLT_1.18.0/GNU-tools-for-STM32/bin/../lib/gcc/arm-none-eabi/13.3.1/../../../../arm-none-eabi/lib/thumb/v7-m/nofp\libc_nano.a(libc_a-impure.o)
                              D:/STM32/STM32CubeCLT_1.18.0/GNU-tools-for-STM32/bin/../lib/gcc/arm-none-eabi/13.3.1/../../../../arm-none-eabi/lib/thumb/v7-m/nofp\libc_nano.a(libc_a-reent.o) (_impure_ptr)
D:/STM32/STM32CubeCLT_1.18.0/GNU-tools-for-STM32/bin/../lib/gcc/arm-none-eabi/13.3.1/../../../../arm-none-eabi/lib/thumb/v7-m/nofp\libc_nano.a(libc_a-lseekr.o)
                              D:/STM32/STM32CubeCLT_1.18.0/GNU-tools-for-STM32/bin/../lib/gcc/arm-none-eabi/13.3.1/../../../../arm-none-eabi/lib/thumb/v7-m/nofp\libc_nano.a(libc_a-stdio.o) (_lseek_r)
D:/STM32/STM32CubeCLT_1.18.0/GNU-tools-for-STM32/bin/../lib/gcc/arm-none-eabi/13.3.1/../../../../arm-none-eabi/lib/thumb/v7-m/nofp\libc_nano.a(libc_a-readr.o)
                              D:/STM32/STM32CubeCLT_1.18.0/GNU-tools-for-STM32/bin/../lib/gcc/arm-none-eabi/13.3.1/../../../../arm-none-eabi/lib/thumb/v7-m/nofp\libc_nano.a(libc_a-stdio.o) (_read_r)
D:/STM32/STM32CubeCLT_1.18.0/GNU-tools-for-STM32/bin/../lib/gcc/arm-none-eabi/13.3.1/../../../../arm-none-eabi/lib/thumb/v7-m/nofp\libc_nano.a(libc_a-writer.o)
                              D:/STM32/STM32CubeCLT_1.18.0/GNU-tools-for-STM32/bin/../lib/gcc/arm-none-eabi/13.3.1/../../../../arm-none-eabi/lib/thumb/v7-m/nofp\libc_nano.a(libc_a-stdio.o) (_write_r)
D:/STM32/STM32CubeCLT_1.18.0/GNU-tools-for-STM32/bin/../lib/gcc/arm-none-eabi/13.3.1/../../../../arm-none-eabi/lib/thumb/v7-m/nofp\libc_nano.a(libc_a-init.o)
                              D:/STM32/STM32CubeCLT_1.18.0/GNU-tools-for-STM32/bin/../lib/gcc/arm-none-eabi/13.3.1/../../../../arm-none-eabi/lib/thumb/v7-m/nofp/crt0.o (__libc_init_array)
D:/STM32/STM32CubeCLT_1.18.0/GNU-tools-for-STM32/bin/../lib/gcc/arm-none-eabi/13.3.1/../../../../arm-none-eabi/lib/thumb/v7-m/nofp\libc_nano.a(libc_a-lock.o)
                              D:/STM32/STM32CubeCLT_1.18.0/GNU-tools-for-STM32/bin/../lib/gcc/arm-none-eabi/13.3.1/../../../../arm-none-eabi/lib/thumb/v7-m/nofp\libc_nano.a(libc_a-findfp.o) (__retarget_lock_init_recursive)
D:/STM32/STM32CubeCLT_1.18.0/GNU-tools-for-STM32/bin/../lib/gcc/arm-none-eabi/13.3.1/../../../../arm-none-eabi/lib/thumb/v7-m/nofp\libc_nano.a(libc_a-freer.o)
[...]
Memory Configuration

Name             Origin             Length             Attributes
RAM              0x20000000         0x00005000         xrw
FLASH            0x08000000         0x00020000         xr
*default*        0x00000000         0xffffffff

Linker script and memory map

LOAD D:/STM32/STM32CubeCLT_1.18.0/GNU-tools-for-STM32/bin/../lib/gcc/arm-none-eabi/13.3.1/thumb/v7-m/nofp/crti.o
LOAD D:/STM32/STM32CubeCLT_1.18.0/GNU-tools-for-STM32/bin/../lib/gcc/arm-none-eabi/13.3.1/thumb/v7-m/nofp/crtbegin.o
LOAD D:/STM32/STM32CubeCLT_1.18.0/GNU-tools-for-STM32/bin/../lib/gcc/arm-none-eabi/13.3.1/../../../../arm-none-eabi/lib/thumb/v7-m/nofp/crt0.o
START GROUP
LOAD D:/STM32/STM32CubeCLT_1.18.0/GNU-tools-for-STM32/bin/../lib/gcc/arm-none-eabi/13.3.1/../../../../arm-none-eabi/lib/thumb/v7-m/nofp\libc_nano.a
LOAD D:/STM32/STM32CubeCLT_1.18.0/GNU-tools-for-STM32/bin/../lib/gcc/arm-none-eabi/13.3.1/../../../../arm-none-eabi/lib/thumb/v7-m/nofp\libm.a
END GROUP
LOAD cmake/stm32cubemx/CMakeFiles/STM32_Drivers.dir/__/__/Core/Src/system_stm32f1xx.c.obj
LOAD cmake/stm32cubemx/CMakeFiles/STM32_Drivers.dir/__/__/Drivers/STM32F1xx_HAL_Driver/Src/stm32f1xx_hal_gpio_ex.c.obj
LOAD cmake/stm32cubemx/CMakeFiles/STM32_Drivers.dir/__/__/Drivers/STM32F1xx_HAL_Driver/Src/stm32f1xx_hal_i2c.c.obj
LOAD cmake/stm32cubemx/CMakeFiles/STM32_Drivers.dir/__/__/Drivers/STM32F1xx_HAL_Driver/Src/stm32f1xx_hal.c.obj
LOAD cmake/stm32cubemx/CMakeFiles/STM32_Drivers.dir/__/__/Drivers/STM32F1xx_HAL_Driver/Src/stm32f1xx_hal_rcc.c.obj
LOAD cmake/stm32cubemx/CMakeFiles/STM32_Drivers.dir/__/__/Drivers/STM32F1xx_HAL_Driver/Src/stm32f1xx_hal_rcc_ex.c.obj
LOAD cmake/stm32cubemx/CMakeFiles/STM32_Drivers.dir/__/__/Drivers/STM32F1xx_HAL_Driver/Src/stm32f1xx_hal_gpio.c.obj
LOAD cmake/stm32cubemx/CMakeFiles/STM32_Drivers.dir/__/__/Drivers/STM32F1xx_HAL_Driver/Src/stm32f1xx_hal_dma.c.obj
LOAD cmake/stm32cubemx/CMakeFiles/STM32_Drivers.dir/__/__/Drivers/STM32F1xx_HAL_Driver/Src/stm32f1xx_hal_cortex.c.obj
LOAD cmake/stm32cubemx/CMakeFiles/STM32_Drivers.dir/__/__/Drivers/STM32F1xx_HAL_Driver/Src/stm32f1xx_hal_pwr.c.obj
LOAD cmake/stm32cubemx/CMakeFiles/STM32_Drivers.dir/__/__/Drivers/STM32F1xx_HAL_Driver/Src/stm32f1xx_hal_flash.c.obj
LOAD cmake/stm32cubemx/CMakeFiles/STM32_Drivers.dir/__/__/Drivers/STM32F1xx_HAL_Driver/Src/stm32f1xx_hal_flash_ex.c.obj
LOAD cmake/stm32cubemx/CMakeFiles/STM32_Drivers.dir/__/__/Drivers/STM32F1xx_HAL_Driver/Src/stm32f1xx_hal_exti.c.obj
LOAD cmake/stm32cubemx/CMakeFiles/STM32_Drivers.dir/__/__/Drivers/STM32F1xx_HAL_Driver/Src/stm32f1xx_hal_uart.c.obj
LOAD cmake/stm32cubemx/CMakeFiles/STM32_Drivers.dir/__/__/Drivers/I2C_LCD/I2C_LCD.c.obj
LOAD cmake/stm32cubemx/CMakeFiles/STM32_Drivers.dir/__/__/Drivers/I2C_LCD/I2C_LCD_cfg.c.obj
LOAD CMakeFiles/39_I2C_LCD.dir/Core/Src/main.c.obj
LOAD CMakeFiles/39_I2C_LCD.dir/Core/Src/gpio.c.obj
LOAD CMakeFiles/39_I2C_LCD.dir/Core/Src/i2c.c.obj
LOAD CMakeFiles/39_I2C_LCD.dir/Core/Src/usart.c.obj
LOAD CMakeFiles/39_I2C_LCD.dir/Core/Src/stm32f1xx_it.c.obj
LOAD CMakeFiles/39_I2C_LCD.dir/Core/Src/stm32f1xx_hal_msp.c.obj
LOAD CMakeFiles/39_I2C_LCD.dir/Core/Src/sysmem.c.obj
LOAD CMakeFiles/39_I2C_LCD.dir/Core/Src/syscalls.c.obj
LOAD CMakeFiles/39_I2C_LCD.dir/startup_stm32f103xb.s.obj
START GROUP
LOAD D:/STM32/STM32CubeCLT_1.18.0/GNU-tools-for-STM32/bin/../lib/gcc/arm-none-eabi/13.3.1/thumb/v7-m/nofp\libgcc.a
LOAD D:/STM32/STM32CubeCLT_1.18.0/GNU-tools-for-STM32/bin/../lib/gcc/arm-none-eabi/13.3.1/../../../../arm-none-eabi/lib/thumb/v7-m/nofp\libg_nano.a
LOAD D:/STM32/STM32CubeCLT_1.18.0/GNU-tools-for-STM32/bin/../lib/gcc/arm-none-eabi/13.3.1/../../../../arm-none-eabi/lib/thumb/v7-m/nofp\libc_nano.a
END GROUP
START GROUP
LOAD D:/STM32/STM32CubeCLT_1.18.0/GNU-tools-for-STM32/bin/../lib/gcc/arm-none-eabi/13.3.1/thumb/v7-m/nofp\libgcc.a
LOAD D:/STM32/STM32CubeCLT_1.18.0/GNU-tools-for-STM32/bin/../lib/gcc/arm-none-eabi/13.3.1/../../../../arm-none-eabi/lib/thumb/v7-m/nofp\libc_nano.a
END GROUP
LOAD D:/STM32/STM32CubeCLT_1.18.0/GNU-tools-for-STM32/bin/../lib/gcc/arm-none-eabi/13.3.1/thumb/v7-m/nofp/crtend.o
LOAD D:/STM32/STM32CubeCLT_1.18.0/GNU-tools-for-STM32/bin/../lib/gcc/arm-none-eabi/13.3.1/thumb/v7-m/nofp/crtn.o
                0x20005000                        _estack = (ORIGIN (RAM) + LENGTH (RAM))
                0x00000200                        _Min_Heap_Size = 0x200
                0x00000400                        _Min_Stack_Size = 0x400

.isr_vector     0x08000000      0x10c
                0x08000000                        . = ALIGN (0x4)
 *(.isr_vector)
 .isr_vector    0x08000000      0x10c CMakeFiles/39_I2C_LCD.dir/startup_stm32f103xb.s.obj
                0x08000000                g_pfnVectors
                0x0800010c                        . = ALIGN (0x4)

.text           0x0800010c     0x2828
                0x0800010c                        . = ALIGN (0x4)
 *(.text)
 .text          0x0800010c       0x40 D:/STM32/STM32CubeCLT_1.18.0/GNU-tools-for-STM32/bin/../lib/gcc/arm-none-eabi/13.3.1/thumb/v7-m/nofp/crtbegin.o
 *(.text*)
 .text.memset   0x0800014c       0x10 D:/STM32/STM32CubeCLT_1.18.0/GNU-tools-for-STM32/bin/../lib/gcc/arm-none-eabi/13.3.1/../../../../arm-none-eabi/lib/thumb/v7-m/nofp\libc_nano.a(libc_a-memset.o)
                0x0800014c                memset
 .text.__libc_init_array
                0x0800015c       0x48 D:/STM32/STM32CubeCLT_1.18.0/GNU-tools-for-STM32/bin/../lib/gcc/arm-none-eabi/13.3.1/../../../../arm-none-eabi/lib/thumb/v7-m/nofp\libc_nano.a(libc_a-init.o)
                0x0800015c                __libc_init_array
 .text.SystemInit
                0x080001a4        0xc cmake/stm32cubemx/CMakeFiles/STM32_Drivers.dir/__/__/Core/Src/system_stm32f1xx.c.obj
                0x080001a4                SystemInit
 .text.HAL_I2C_Init
                0x080001b0      0x288 cmake/stm32cubemx/CMakeFiles/STM32_Drivers.dir/__/__/Drivers/STM32F1xx_HAL_Driver/Src/stm32f1xx_hal_i2c.c.obj
                0x080001b0                HAL_I2C_Init
 .text.HAL_I2C_Master_Transmit
                0x08000438      0x1fc cmake/stm32cubemx/CMakeFiles/STM32_Drivers.dir/__/__/Drivers/STM32F1xx_HAL_Driver/Src/stm32f1xx_hal_i2c.c.obj
                0x08000438                HAL_I2C_Master_Transmit
 .text.I2C_MasterRequestWrite
                0x08000634      0x104 cmake/stm32cubemx/CMakeFiles/STM32_Drivers.dir/__/__/Drivers/STM32F1xx_HAL_Driver/Src/stm32f1xx_hal_i2c.c.obj
 .text.I2C_WaitOnFlagUntilTimeout
                0x08000738       0xf4 cmake/stm32cubemx/CMakeFiles/STM32_Drivers.dir/__/__/Drivers/STM32F1xx_HAL_Driver/Src/stm32f1xx_hal_i2c.c.obj
 .text.I2C_WaitOnMasterAddressFlagUntilTimeout
                0x0800082c      0x140 cmake/stm32cubemx/CMakeFiles/STM32_Drivers.dir/__/__/Drivers/STM32F1xx_HAL_Driver/Src/stm32f1xx_hal_i2c.c.obj
 .text.I2C_WaitOnTXEFlagUntilTimeout
                0x0800096c       0x90 cmake/stm32cubemx/CMakeFiles/STM32_Drivers.dir/__/__/Drivers/STM32F1xx_HAL_Driver/Src/stm32f1xx_hal_i2c.c.obj
 .text.I2C_WaitOnBTFFlagUntilTimeout
                0x080009fc       0x90 cmake/stm32cubemx/CMakeFiles/STM32_Drivers.dir/__/__/Drivers/STM32F1xx_HAL_Driver/Src/stm32f1xx_hal_i2c.c.obj
 .text.I2C_IsAcknowledgeFailed
                0x08000a8c       0x5c cmake/stm32cubemx/CMakeFiles/STM32_Drivers.dir/__/__/Drivers/STM32F1xx_HAL_Driver/Src/stm32f1xx_hal_i2c.c.obj
 .text.HAL_Init
                0x08000ae8       0x2c cmake/stm32cubemx/CMakeFiles/STM32_Drivers.dir/__/__/Drivers/STM32F1xx_HAL_Driver/Src/stm32f1xx_hal.c.obj
                0x08000ae8                HAL_Init
 .text.HAL_InitTick
                0x08000b14       0x60 cmake/stm32cubemx/CMakeFiles/STM32_Drivers.dir/__/__/Drivers/STM32F1xx_HAL_Driver/Src/stm32f1xx_hal.c.obj
                0x08000b14                HAL_InitTick
 .text.HAL_IncTick
                0x08000b74       0x24 cmake/stm32cubemx/CMakeFiles/STM32_Drivers.dir/__/__/Drivers/STM32F1xx_HAL_Driver/Src/stm32f1xx_hal.c.obj
                0x08000b74                HAL_IncTick
 .text.HAL_GetTick
                0x08000b98       0x14 cmake/stm32cubemx/CMakeFiles/STM32_Drivers.dir/__/__/Drivers/STM32F1xx_HAL_Driver/Src/stm32f1xx_hal.c.obj
                0x08000b98                HAL_GetTick
 .text.HAL_Delay
                0x08000bac       0x48 cmake/stm32cubemx/CMakeFiles/STM32_Drivers.dir/__/__/Drivers/STM32F1xx_HAL_Driver/Src/stm32f1xx_hal.c.obj
                0x08000bac                HAL_Delay
 .text.HAL_RCC_OscConfig
                0x08000bf4      0x504 cmake/stm32cubemx/CMakeFiles/STM32_Drivers.dir/__/__/Drivers/STM32F1xx_HAL_Driver/Src/stm32f1xx_hal_rcc.c.obj
                0x08000bf4                HAL_RCC_OscConfig
 .text.HAL_RCC_ClockConfig
                0x080010f8      0x1d4 cmake/stm32cubemx/CMakeFiles/STM32_Drivers.dir/__/__/Drivers/STM32F1xx_HAL_Driver/Src/stm32f1xx_hal_rcc.c.obj
                0x080010f8                HAL_RCC_ClockConfig
 .text.HAL_RCC_GetSysClockFreq
                0x080012cc       0xa8 cmake/stm32cubemx/CMakeFiles/STM32_Drivers.dir/__/__/Drivers/STM32F1xx_HAL_Driver/Src/stm32f1xx_hal_rcc.c.obj
                0x080012cc                HAL_RCC_GetSysClockFreq
 .text.HAL_RCC_GetHCLKFreq
                0x08001374       0x14 cmake/stm32cubemx/CMakeFiles/STM32_Drivers.dir/__/__/Drivers/STM32F1xx_HAL_Driver/Src/stm32f1xx_hal_rcc.c.obj
                0x08001374                HAL_RCC_GetHCLKFreq
 .text.HAL_RCC_GetPCLK1Freq
                0x08001388       0x28 cmake/stm32cubemx/CMakeFiles/STM32_Drivers.dir/__/__/Drivers/STM32F1xx_HAL_Driver/Src/stm32f1xx_hal_rcc.c.obj
                0x08001388                HAL_RCC_GetPCLK1Freq
 .text.HAL_RCC_GetPCLK2Freq
                0x080013b0       0x28 cmake/stm32cubemx/CMakeFiles/STM32_Drivers.dir/__/__/Drivers/STM32F1xx_HAL_Driver/Src/stm32f1xx_hal_rcc.c.obj
                0x080013b0                HAL_RCC_GetPCLK2Freq
 .text.RCC_Delay
                0x080013d8       0x3c cmake/stm32cubemx/CMakeFiles/STM32_Drivers.dir/__/__/Drivers/STM32F1xx_HAL_Driver/Src/stm32f1xx_hal_rcc.c.obj
 .text.HAL_GPIO_Init
                0x08001414      0x308 cmake/stm32cubemx/CMakeFiles/STM32_Drivers.dir/__/__/Drivers/STM32F1xx_HAL_Driver/Src/stm32f1xx_hal_gpio.c.obj
                0x08001414                HAL_GPIO_Init
 .text.HAL_GPIO_WritePin
                0x0800171c       0x30 cmake/stm32cubemx/CMakeFiles/STM32_Drivers.dir/__/__/Drivers/STM32F1xx_HAL_Driver/Src/stm32f1xx_hal_gpio.c.obj
                0x0800171c                HAL_GPIO_WritePin
 .text.HAL_GPIO_EXTI_IRQHandler
                0x0800174c       0x30 cmake/stm32cubemx/CMakeFiles/STM32_Drivers.dir/__/__/Drivers/STM32F1xx_HAL_Driver/Src/stm32f1xx_hal_gpio.c.obj
                0x0800174c                HAL_GPIO_EXTI_IRQHandler
 .text.HAL_GPIO_EXTI_Callback
                0x0800177c       0x14 cmake/stm32cubemx/CMakeFiles/STM32_Drivers.dir/__/__/Drivers/STM32F1xx_HAL_Driver/Src/stm32f1xx_hal_gpio.c.obj
                0x0800177c                HAL_GPIO_EXTI_Callback
 .text.__NVIC_SetPriorityGrouping
                0x08001790       0x48 cmake/stm32cubemx/CMakeFiles/STM32_Drivers.dir/__/__/Drivers/STM32F1xx_HAL_Driver/Src/stm32f1xx_hal_cortex.c.obj
 .text.__NVIC_GetPriorityGrouping
                0x080017d8       0x1c cmake/stm32cubemx/CMakeFiles/STM32_Drivers.dir/__/__/Drivers/STM32F1xx_HAL_Driver/Src/stm32f1xx_hal_cortex.c.obj
 .text.__NVIC_EnableIRQ
                0x080017f4       0x38 cmake/stm32cubemx/CMakeFiles/STM32_Drivers.dir/__/__/Drivers/STM32F1xx_HAL_Driver/Src/stm32f1xx_hal_cortex.c.obj
 .text.__NVIC_SetPriority
                0x0800182c       0x54 cmake/stm32cubemx/CMakeFiles/STM32_Drivers.dir/__/__/Drivers/STM32F1xx_HAL_Driver/Src/stm32f1xx_hal_cortex.c.obj
 .text.NVIC_EncodePriority
                0x08001880       0x64 cmake/stm32cubemx/CMakeFiles/STM32_Drivers.dir/__/__/Drivers/STM32F1xx_HAL_Driver/Src/stm32f1xx_hal_cortex.c.obj
 .text.SysTick_Config
                0x080018e4       0x44 cmake/stm32cubemx/CMakeFiles/STM32_Drivers.dir/__/__/Drivers/STM32F1xx_HAL_Driver/Src/stm32f1xx_hal_cortex.c.obj
 .text.HAL_NVIC_SetPriorityGrouping
                0x08001928       0x16 cmake/stm32cubemx/CMakeFiles/STM32_Drivers.dir/__/__/Drivers/STM32F1xx_HAL_Driver/Src/stm32f1xx_hal_cortex.c.obj
                0x08001928                HAL_NVIC_SetPriorityGrouping
 .text.HAL_NVIC_SetPriority
                0x0800193e       0x38 cmake/stm32cubemx/CMakeFiles/STM32_Drivers.dir/__/__/Drivers/STM32F1xx_HAL_Driver/Src/stm32f1xx_hal_cortex.c.obj
                0x0800193e                HAL_NVIC_SetPriority
 .text.HAL_NVIC_EnableIRQ
                0x08001976       0x1c cmake/stm32cubemx/CMakeFiles/STM32_Drivers.dir/__/__/Drivers/STM32F1xx_HAL_Driver/Src/stm32f1xx_hal_cortex.c.obj
                0x08001976                HAL_NVIC_EnableIRQ
 .text.HAL_SYSTICK_Config
                0x08001992       0x18 cmake/stm32cubemx/CMakeFiles/STM32_Drivers.dir/__/__/Drivers/STM32F1xx_HAL_Driver/Src/stm32f1xx_hal_cortex.c.obj
                0x08001992                HAL_SYSTICK_Config
 .text.HAL_UART_Init
                0x080019aa       0xa0 cmake/stm32cubemx/CMakeFiles/STM32_Drivers.dir/__/__/Drivers/STM32F1xx_HAL_Driver/Src/stm32f1xx_hal_uart.c.obj
                0x080019aa                HAL_UART_Init
 *fill*         0x08001a4a        0x2 
 .text.UART_SetConfig
                0x08001a4c      0x11c cmake/stm32cubemx/CMakeFiles/STM32_Drivers.dir/__/__/Drivers/STM32F1xx_HAL_Driver/Src/stm32f1xx_hal_uart.c.obj
 .text.I2C_LCD_ExpanderWrite
                0x08001b68       0x68 cmake/stm32cubemx/CMakeFiles/STM32_Drivers.dir/__/__/Drivers/I2C_LCD/I2C_LCD.c.obj
 .text.I2C_LCD_EnPulse
                0x08001bd0       0xb8 cmake/stm32cubemx/CMakeFiles/STM32_Drivers.dir/__/__/Drivers/I2C_LCD/I2C_LCD.c.obj
 .text.I2C_LCD_Write4Bits
                0x08001c88       0x30 cmake/stm32cubemx/CMakeFiles/STM32_Drivers.dir/__/__/Drivers/I2C_LCD/I2C_LCD.c.obj
 .text.I2C_LCD_Send
                0x08001cb8       0x4c cmake/stm32cubemx/CMakeFiles/STM32_Drivers.dir/__/__/Drivers/I2C_LCD/I2C_LCD.c.obj
 .text.I2C_LCD_Cmd
                0x08001d04       0x24 cmake/stm32cubemx/CMakeFiles/STM32_Drivers.dir/__/__/Drivers/I2C_LCD/I2C_LCD.c.obj
 .text.I2C_LCD_Data
                0x08001d28       0x24 cmake/stm32cubemx/CMakeFiles/STM32_Drivers.dir/__/__/Drivers/I2C_LCD/I2C_LCD.c.obj
 .text.I2C_LCD_Init
                0x08001d4c      0x164 cmake/stm32cubemx/CMakeFiles/STM32_Drivers.dir/__/__/Drivers/I2C_LCD/I2C_LCD.c.obj
                0x08001d4c                I2C_LCD_Init
 .text.I2C_LCD_Clear
                0x08001eb0       0x78 cmake/stm32cubemx/CMakeFiles/STM32_Drivers.dir/__/__/Drivers/I2C_LCD/I2C_LCD.c.obj
                0x08001eb0                I2C_LCD_Clear
 .text.I2C_LCD_SetCursor
                0x08001f28       0x84 cmake/stm32cubemx/CMakeFiles/STM32_Drivers.dir/__/__/Drivers/I2C_LCD/I2C_LCD.c.obj
                0x08001f28                I2C_LCD_SetCursor
 .text.I2C_LCD_WriteString
                0x08001fac       0x32 cmake/stm32cubemx/CMakeFiles/STM32_Drivers.dir/__/__/Drivers/I2C_LCD/I2C_LCD.c.obj
                0x08001fac                I2C_LCD_WriteString
 .text.I2C_LCD_ShiftLeft
                0x08001fde       0x1c cmake/stm32cubemx/CMakeFiles/STM32_Drivers.dir/__/__/Drivers/I2C_LCD/I2C_LCD.c.obj
                0x08001fde                I2C_LCD_ShiftLeft
 .text.I2C_LCD_ShiftRight
                0x08001ffa       0x1c cmake/stm32cubemx/CMakeFiles/STM32_Drivers.dir/__/__/Drivers/I2C_LCD/I2C_LCD.c.obj
                0x08001ffa                I2C_LCD_ShiftRight
 *fill*         0x08002016        0x2 
 .text.I2C_LCD_Backlight
                0x08002018       0x2c cmake/stm32cubemx/CMakeFiles/STM32_Drivers.dir/__/__/Drivers/I2C_LCD/I2C_LCD.c.obj
                0x08002018                I2C_LCD_Backlight
 .text.I2C_LCD_NoBacklight
                0x08002044       0x2c cmake/stm32cubemx/CMakeFiles/STM32_Drivers.dir/__/__/Drivers/I2C_LCD/I2C_LCD.c.obj
                0x08002044                I2C_LCD_NoBacklight
 .text.I2C_LCD_Display
                0x08002070       0x44 cmake/stm32cubemx/CMakeFiles/STM32_Drivers.dir/__/__/Drivers/I2C_LCD/I2C_LCD.c.obj
                0x08002070                I2C_LCD_Display
 .text.I2C_LCD_NoDisplay
                0x080020b4       0x44 cmake/stm32cubemx/CMakeFiles/STM32_Drivers.dir/__/__/Drivers/I2C_LCD/I2C_LCD.c.obj
                0x080020b4                I2C_LCD_NoDisplay
 .text.I2C_LCD_Cursor
                0x080020f8       0x44 cmake/stm32cubemx/CMakeFiles/STM32_Drivers.dir/__/__/Drivers/I2C_LCD/I2C_LCD.c.obj
                0x080020f8                I2C_LCD_Cursor
 .text.I2C_LCD_NoCursor
                0x0800213c       0x44 cmake/stm32cubemx/CMakeFiles/STM32_Drivers.dir/__/__/Drivers/I2C_LCD/I2C_LCD.c.obj
                0x0800213c                I2C_LCD_NoCursor
 .text.I2C_LCD_Blink
                0x08002180       0x44 cmake/stm32cubemx/CMakeFiles/STM32_Drivers.dir/__/__/Drivers/I2C_LCD/I2C_LCD.c.obj
                0x08002180                I2C_LCD_Blink
 .text.I2C_LCD_NoBlink
                0x080021c4       0x44 cmake/stm32cubemx/CMakeFiles/STM32_Drivers.dir/__/__/Drivers/I2C_LCD/I2C_LCD.c.obj
                0x080021c4                I2C_LCD_NoBlink
 .text.I2C_LCD_CreateCustomChar
                0x08002208       0x60 cmake/stm32cubemx/CMakeFiles/STM32_Drivers.dir/__/__/Drivers/I2C_LCD/I2C_LCD.c.obj
                0x08002208                I2C_LCD_CreateCustomChar
 .text.I2C_LCD_PrintCustomChar
                0x08002268       0x24 cmake/stm32cubemx/CMakeFiles/STM32_Drivers.dir/__/__/Drivers/I2C_LCD/I2C_LCD.c.obj
                0x08002268                I2C_LCD_PrintCustomChar
 .text.Dance    0x0800228c      0x10a CMakeFiles/39_I2C_LCD.dir/Core/Src/main.c.obj
                0x0800228c                Dance
 *fill*         0x08002396        0x2 
 .text.main     0x08002398      0x150 CMakeFiles/39_I2C_LCD.dir/Core/Src/main.c.obj
                0x08002398                main
 .text.SystemClock_Config
                0x080024e8       0x8a CMakeFiles/39_I2C_LCD.dir/Core/Src/main.c.obj
                0x080024e8                SystemClock_Config
 .text.Error_Handler
                0x08002572        0xc CMakeFiles/39_I2C_LCD.dir/Core/Src/main.c.obj
                0x08002572                Error_Handler
 *fill*         0x0800257e        0x2 
 .text.MX_GPIO_Init
                0x08002580       0xdc CMakeFiles/39_I2C_LCD.dir/Core/Src/gpio.c.obj
                0x08002580                MX_GPIO_Init
 .text.MX_I2C1_Init
                0x0800265c       0x5c CMakeFiles/39_I2C_LCD.dir/Core/Src/i2c.c.obj
                0x0800265c                MX_I2C1_Init
 .text.HAL_I2C_MspInit
                0x080026b8       0x7c CMakeFiles/39_I2C_LCD.dir/Core/Src/i2c.c.obj
                0x080026b8                HAL_I2C_MspInit
 .text.MX_USART2_UART_Init
                0x08002734       0x54 CMakeFiles/39_I2C_LCD.dir/Core/Src/usart.c.obj
                0x08002734                MX_USART2_UART_Init
 .text.HAL_UART_MspInit
                0x08002788       0x7c CMakeFiles/39_I2C_LCD.dir/Core/Src/usart.c.obj
                0x08002788                HAL_UART_MspInit
 .text.NMI_Handler
                0x08002804        0x8 CMakeFiles/39_I2C_LCD.dir/Core/Src/stm32f1xx_it.c.obj
                0x08002804                NMI_Handler
 .text.HardFault_Handler
                0x0800280c        0x8 CMakeFiles/39_I2C_LCD.dir/Core/Src/stm32f1xx_it.c.obj
                0x0800280c                HardFault_Handler
 .text.MemManage_Handler
                0x08002814        0x8 CMakeFiles/39_I2C_LCD.dir/Core/Src/stm32f1xx_it.c.obj
                0x08002814                MemManage_Handler
 .text.BusFault_Handler
                0x0800281c        0x8 CMakeFiles/39_I2C_LCD.dir/Core/Src/stm32f1xx_it.c.obj
                0x0800281c                BusFault_Handler
 .text.UsageFault_Handler
                0x08002824        0x8 CMakeFiles/39_I2C_LCD.dir/Core/Src/stm32f1xx_it.c.obj
                0x08002824                UsageFault_Handler
 .text.SVC_Handler
                0x0800282c        0xc CMakeFiles/39_I2C_LCD.dir/Core/Src/stm32f1xx_it.c.obj
                0x0800282c                SVC_Handler
 .text.DebugMon_Handler
                0x08002838        0xc CMakeFiles/39_I2C_LCD.dir/Core/Src/stm32f1xx_it.c.obj
                0x08002838                DebugMon_Handler
 .text.PendSV_Handler
                0x08002844        0xc CMakeFiles/39_I2C_LCD.dir/Core/Src/stm32f1xx_it.c.obj
                0x08002844                PendSV_Handler
 .text.SysTick_Handler
                0x08002850        0xc CMakeFiles/39_I2C_LCD.dir/Core/Src/stm32f1xx_it.c.obj
                0x08002850                SysTick_Handler
 .text.EXTI15_10_IRQHandler
                0x0800285c       0x10 CMakeFiles/39_I2C_LCD.dir/Core/Src/stm32f1xx_it.c.obj
                0x0800285c                EXTI15_10_IRQHandler
 .text.HAL_MspInit
                0x0800286c       0x64 CMakeFiles/39_I2C_LCD.dir/Core/Src/stm32f1xx_hal_msp.c.obj
                0x0800286c                HAL_MspInit
 .text.Reset_Handler
                0x080028d0       0x48 CMakeFiles/39_I2C_LCD.dir/startup_stm32f103xb.s.obj
                0x080028d0                Reset_Handler
 .text.Default_Handler
                0x08002918        0x2 CMakeFiles/39_I2C_LCD.dir/startup_stm32f103xb.s.obj
                0x08002918                RTC_Alarm_IRQHandler
                0x08002918                EXTI2_IRQHandler
                0x08002918                TIM1_CC_IRQHandler
                0x08002918                PVD_IRQHandler
                0x08002918                EXTI3_IRQHandler
                0x08002918                EXTI0_IRQHandler
                0x08002918                I2C2_EV_IRQHandler
                0x08002918                ADC1_2_IRQHandler
                0x08002918                SPI1_IRQHandler
                0x08002918                TAMPER_IRQHandler
                0x08002918                DMA1_Channel4_IRQHandler
                0x08002918                USART3_IRQHandler
                0x08002918                RTC_IRQHandler
                0x08002918                DMA1_Channel7_IRQHandler
                0x08002918                CAN1_RX1_IRQHandler
                0x08002918                TIM4_IRQHandler
                0x08002918                I2C1_EV_IRQHandler
                0x08002918                DMA1_Channel6_IRQHandler
                0x08002918                TIM3_IRQHandler
                0x08002918                RCC_IRQHandler
                0x08002918                TIM1_TRG_COM_IRQHandler
                0x08002918                DMA1_Channel1_IRQHandler
                0x08002918                Default_Handler
                0x08002918                EXTI9_5_IRQHandler
                0x08002918                SPI2_IRQHandler
                0x08002918                DMA1_Channel5_IRQHandler
                0x08002918                EXTI4_IRQHandler
                0x08002918                USB_LP_CAN1_RX0_IRQHandler
                0x08002918                USB_HP_CAN1_TX_IRQHandler
                0x08002918                DMA1_Channel3_IRQHandler
                0x08002918                TIM1_UP_IRQHandler
                0x08002918                WWDG_IRQHandler
                0x08002918                TIM2_IRQHandler
                0x08002918                TIM1_BRK_IRQHandler
                0x08002918                EXTI1_IRQHandler
                0x08002918                USART2_IRQHandler
                0x08002918                I2C2_ER_IRQHandler
                0x08002918                DMA1_Channel2_IRQHandler
                0x08002918                CAN1_SCE_IRQHandler
                0x08002918                FLASH_IRQHandler
                0x08002918                USART1_IRQHandler
                0x08002918                I2C1_ER_IRQHandler
                0x08002918                USBWakeUp_IRQHandler
 *(.glue_7)
 .glue_7        0x0800291a        0x0 linker stubs
 *(.glue_7t)
 .glue_7t       0x0800291a        0x0 linker stubs
 *(.eh_frame)
 *fill*         0x0800291a        0x2 
 .eh_frame      0x0800291c        0x0 D:/STM32/STM32CubeCLT_1.18.0/GNU-tools-for-STM32/bin/../lib/gcc/arm-none-eabi/13.3.1/thumb/v7-m/nofp/crtbegin.o
 *(.init)
 .init          0x0800291c        0x4 D:/STM32/STM32CubeCLT_1.18.0/GNU-tools-for-STM32/bin/../lib/gcc/arm-none-eabi/13.3.1/thumb/v7-m/nofp/crti.o
                0x0800291c                _init
 .init          0x08002920        0x8 D:/STM32/STM32CubeCLT_1.18.0/GNU-tools-for-STM32/bin/../lib/gcc/arm-none-eabi/13.3.1/thumb/v7-m/nofp/crtn.o
 *(.fini)
 .fini          0x08002928        0x4 D:/STM32/STM32CubeCLT_1.18.0/GNU-tools-for-STM32/bin/../lib/gcc/arm-none-eabi/13.3.1/thumb/v7-m/nofp/crti.o
                0x08002928                _fini
 .fini          0x0800292c        0x8 D:/STM32/STM32CubeCLT_1.18.0/GNU-tools-for-STM32/bin/../lib/gcc/arm-none-eabi/13.3.1/thumb/v7-m/nofp/crtn.o
                0x08002934                        . = ALIGN (0x4)
                0x08002934                        _etext = .

.vfp11_veneer   0x08002934        0x0
 .vfp11_veneer  0x08002934        0x0 linker stubs

.v4_bx          0x08002934        0x0
 .v4_bx         0x08002934        0x0 linker stubs

.iplt           0x08002934        0x0
 .iplt          0x08002934        0x0 D:/STM32/STM32CubeCLT_1.18.0/GNU-tools-for-STM32/bin/../lib/gcc/arm-none-eabi/13.3.1/thumb/v7-m/nofp/crtbegin.o

.rodata         0x08002934       0x70
                0x08002934                        . = ALIGN (0x4)
 *(.rodata)
 .rodata        0x08002934       0x10 cmake/stm32cubemx/CMakeFiles/STM32_Drivers.dir/__/__/Drivers/I2C_LCD/I2C_LCD.c.obj
 .rodata        0x08002944       0x1b CMakeFiles/39_I2C_LCD.dir/Core/Src/main.c.obj
 *(.rodata*)
 *fill*         0x0800295f        0x1 
 .rodata.AHBPrescTable
                0x08002960       0x10 cmake/stm32cubemx/CMakeFiles/STM32_Drivers.dir/__/__/Core/Src/system_stm32f1xx.c.obj
                0x08002960                AHBPrescTable
 .rodata.APBPrescTable
                0x08002970        0x8 cmake/stm32cubemx/CMakeFiles/STM32_Drivers.dir/__/__/Core/Src/system_stm32f1xx.c.obj
                0x08002970                APBPrescTable
 .rodata.aPLLMULFactorTable.1
                0x08002978       0x10 cmake/stm32cubemx/CMakeFiles/STM32_Drivers.dir/__/__/Drivers/STM32F1xx_HAL_Driver/Src/stm32f1xx_hal_rcc.c.obj
 .rodata.aPredivFactorTable.0
                0x08002988        0x2 cmake/stm32cubemx/CMakeFiles/STM32_Drivers.dir/__/__/Drivers/STM32F1xx_HAL_Driver/Src/stm32f1xx_hal_rcc.c.obj
 *fill*         0x0800298a        0x2 
 .rodata.I2C_LCD_CfgParam
                0x0800298c       0x18 cmake/stm32cubemx/CMakeFiles/STM32_Drivers.dir/__/__/Drivers/I2C_LCD/I2C_LCD_cfg.c.obj
                0x0800298c                I2C_LCD_CfgParam
                0x080029a4                        . = ALIGN (0x4)

.ARM.extab      0x080029a4        0x0
                0x080029a4                        . = ALIGN (0x4)
 *(.ARM.extab* .gnu.linkonce.armextab.*)
                0x080029a4                        . = ALIGN (0x4)

.ARM            0x080029a4        0x0
                0x080029a4                        . = ALIGN (0x4)
                0x080029a4                        __exidx_start = .
 *(.ARM.exidx*)
                0x080029a4                        __exidx_end = .
                0x080029a4                        . = ALIGN (0x4)

.preinit_array  0x080029a4        0x0
                0x080029a4                        . = ALIGN (0x4)
                0x080029a4                        PROVIDE (__preinit_array_start = .)
 *(.preinit_array*)
                0x080029a4                        PROVIDE (__preinit_array_end = .)
                0x080029a4                        . = ALIGN (0x4)

.init_array     0x080029a4        0x4
                0x080029a4                        . = ALIGN (0x4)
                0x080029a4                        PROVIDE (__init_array_start = .)
 *(SORT_BY_NAME(.init_array.*))
 *(.init_array*)
 .init_array    0x080029a4        0x4 D:/STM32/STM32CubeCLT_1.18.0/GNU-tools-for-STM32/bin/../lib/gcc/arm-none-eabi/13.3.1/thumb/v7-m/nofp/crtbegin.o
                0x080029a8                        PROVIDE (__init_array_end = .)
                0x080029a8                        . = ALIGN (0x4)

.fini_array     0x080029a8        0x4
                0x080029a8                        . = ALIGN (0x4)
                [!provide]                        PROVIDE (__fini_array_start = .)
 *(SORT_BY_NAME(.fini_array.*))
 *(.fini_array*)
 .fini_array    0x080029a8        0x4 D:/STM32/STM32CubeCLT_1.18.0/GNU-tools-for-STM32/bin/../lib/gcc/arm-none-eabi/13.3.1/thumb/v7-m/nofp/crtbegin.o
                [!provide]                        PROVIDE (__fini_array_end = .)
                0x080029ac                        . = ALIGN (0x4)
                0x080029ac                        _sidata = LOADADDR (.data)

.rel.dyn        0x080029ac        0x0
 .rel.iplt      0x080029ac        0x0 D:/STM32/STM32CubeCLT_1.18.0/GNU-tools-for-STM32/bin/../lib/gcc/arm-none-eabi/13.3.1/thumb/v7-m/nofp/crtbegin.o

.data           0x20000000       0x3c load address 0x080029ac
                0x20000000                        . = ALIGN (0x4)
                0x20000000                        _sdata = .
 *(.data)
 *(.data*)
 .data.SystemCoreClock
                0x20000000        0x4 cmake/stm32cubemx/CMakeFiles/STM32_Drivers.dir/__/__/Core/Src/system_stm32f1xx.c.obj
                0x20000000                SystemCoreClock
 .data.uwTickPrio
                0x20000004        0x4 cmake/stm32cubemx/CMakeFiles/STM32_Drivers.dir/__/__/Drivers/STM32F1xx_HAL_Driver/Src/stm32f1xx_hal.c.obj
                0x20000004                uwTickPrio
 .data.uwTickFreq
                0x20000008        0x1 cmake/stm32cubemx/CMakeFiles/STM32_Drivers.dir/__/__/Drivers/STM32F1xx_HAL_Driver/Src/stm32f1xx_hal.c.obj
                0x20000008                uwTickFreq
 *fill*         0x20000009        0x3 
 .data.HeartChar
                0x2000000c        0x8 CMakeFiles/39_I2C_LCD.dir/Core/Src/main.c.obj
                0x2000000c                HeartChar
 .data.SmileChar
                0x20000014        0x8 CMakeFiles/39_I2C_LCD.dir/Core/Src/main.c.obj
                0x20000014                SmileChar
 .data.Flower1Char
                0x2000001c        0x8 CMakeFiles/39_I2C_LCD.dir/Core/Src/main.c.obj
                0x2000001c                Flower1Char
 .data.Flower1InvChar
                0x20000024        0x8 CMakeFiles/39_I2C_LCD.dir/Core/Src/main.c.obj
                0x20000024                Flower1InvChar
 .data.Flower2Char
                0x2000002c        0x8 CMakeFiles/39_I2C_LCD.dir/Core/Src/main.c.obj
                0x2000002c                Flower2Char
 .data.Flower2InvChar
                0x20000034        0x8 CMakeFiles/39_I2C_LCD.dir/Core/Src/main.c.obj
                0x20000034                Flower2InvChar
 *(.RamFunc)
 *(.RamFunc*)
                0x2000003c                        . = ALIGN (0x4)
                0x2000003c                        _edata = .

.igot.plt       0x2000003c        0x0 load address 0x080029e8
 .igot.plt      0x2000003c        0x0 D:/STM32/STM32CubeCLT_1.18.0/GNU-tools-for-STM32/bin/../lib/gcc/arm-none-eabi/13.3.1/thumb/v7-m/nofp/crtbegin.o
                0x2000003c                        . = ALIGN (0x4)

.bss            0x2000003c       0xc0 load address 0x080029e8
                0x2000003c                        _sbss = .
                0x2000003c                        __bss_start__ = _sbss
 *(.bss)
 .bss           0x2000003c       0x1c D:/STM32/STM32CubeCLT_1.18.0/GNU-tools-for-STM32/bin/../lib/gcc/arm-none-eabi/13.3.1/thumb/v7-m/nofp/crtbegin.o
 *(.bss*)
 .bss.uwTick    0x20000058        0x4 cmake/stm32cubemx/CMakeFiles/STM32_Drivers.dir/__/__/Drivers/STM32F1xx_HAL_Driver/Src/stm32f1xx_hal.c.obj
                0x20000058                uwTick
 .bss.I2C_LCD_InfoParam_g
                0x2000005c        0x4 cmake/stm32cubemx/CMakeFiles/STM32_Drivers.dir/__/__/Drivers/I2C_LCD/I2C_LCD.c.obj
 .bss.hi2c1     0x20000060       0x54 CMakeFiles/39_I2C_LCD.dir/Core/Src/i2c.c.obj
                0x20000060                hi2c1
 .bss.huart2    0x200000b4       0x48 CMakeFiles/39_I2C_LCD.dir/Core/Src/usart.c.obj
                0x200000b4                huart2
 *(COMMON)
                0x200000fc                        . = ALIGN (0x4)
                0x200000fc                        _ebss = .
                0x200000fc                        __bss_end__ = _ebss

._user_heap_stack
                0x200000fc      0x604 load address 0x080029e8
                0x20000100                        . = ALIGN (0x8)
 *fill*         0x200000fc        0x4 
                [!provide]                        PROVIDE (end = .)
                0x20000100                        PROVIDE (_end = .)
                0x20000300                        . = (. + _Min_Heap_Size)
 *fill*         0x20000100      0x200 
                0x20000700                        . = (. + _Min_Stack_Size)
 *fill*         0x20000300      0x400 
                0x20000700                        . = ALIGN (0x8)

/DISCARD/
 libc.a(*)
 libm.a(*)
 libgcc.a(*)
OUTPUT(39_I2C_LCD.elf elf32-littlearm)
LOAD linker stubs
LOAD D:/STM32/STM32CubeCLT_1.18.0/GNU-tools-for-STM32/bin/../lib/gcc/arm-none-eabi/13.3.1/../../../../arm-none-eabi/lib/thumb/v7-m/nofp\libc.a
LOAD D:/STM32/STM32CubeCLT_1.18.0/GNU-tools-for-STM32/bin/../lib/gcc/arm-none-eabi/13.3.1/../../../../arm-none-eabi/lib/thumb/v7-m/nofp\libm.a
LOAD D:/STM32/STM32CubeCLT_1.18.0/GNU-tools-for-STM32/bin/../lib/gcc/arm-none-eabi/13.3.1/thumb/v7-m/nofp\libgcc.a

.ARM.attributes
                0x00000000       0x29
 .ARM.attributes
                0x00000000       0x1d D:/STM32/STM32CubeCLT_1.18.0/GNU-tools-for-STM32/bin/../lib/gcc/arm-none-eabi/13.3.1/thumb/v7-m/nofp/crti.o
 .ARM.attributes
                0x0000001d       0x2d D:/STM32/STM32CubeCLT_1.18.0/GNU-tools-for-STM32/bin/../lib/gcc/arm-none-eabi/13.3.1/thumb/v7-m/nofp/crtbegin.o
 .ARM.attributes
                0x0000004a       0x2d D:/STM32/STM32CubeCLT_1.18.0/GNU-tools-for-STM32/bin/../lib/gcc/arm-none-eabi/13.3.1/../../../../arm-none-eabi/lib/thumb/v7-m/nofp\libc_nano.a(libc_a-memset.o)
 .ARM.attributes
                0x00000077       0x2d D:/STM32/STM32CubeCLT_1.18.0/GNU-tools-for-STM32/bin/../lib/gcc/arm-none-eabi/13.3.1/../../../../arm-none-eabi/lib/thumb/v7-m/nofp\libc_nano.a(libc_a-init.o)
 .ARM.attributes
                0x000000a4       0x2d cmake/stm32cubemx/CMakeFiles/STM32_Drivers.dir/__/__/Core/Src/system_stm32f1xx.c.obj
 .ARM.attributes
                0x000000d1       0x2d cmake/stm32cubemx/CMakeFiles/STM32_Drivers.dir/__/__/Drivers/STM32F1xx_HAL_Driver/Src/stm32f1xx_hal_i2c.c.obj
 .ARM.attributes
                0x000000fe       0x2d cmake/stm32cubemx/CMakeFiles/STM32_Drivers.dir/__/__/Drivers/STM32F1xx_HAL_Driver/Src/stm32f1xx_hal.c.obj
 .ARM.attributes
                0x0000012b       0x2d cmake/stm32cubemx/CMakeFiles/STM32_Drivers.dir/__/__/Drivers/STM32F1xx_HAL_Driver/Src/stm32f1xx_hal_rcc.c.obj
 .ARM.attributes
                0x00000158       0x2d cmake/stm32cubemx/CMakeFiles/STM32_Drivers.dir/__/__/Drivers/STM32F1xx_HAL_Driver/Src/stm32f1xx_hal_gpio.c.obj
 .ARM.attributes
                0x00000185       0x2d cmake/stm32cubemx/CMakeFiles/STM32_Drivers.dir/__/__/Drivers/STM32F1xx_HAL_Driver/Src/stm32f1xx_hal_cortex.c.obj
 .ARM.attributes
                0x000001b2       0x2d cmake/stm32cubemx/CMakeFiles/STM32_Drivers.dir/__/__/Drivers/STM32F1xx_HAL_Driver/Src/stm32f1xx_hal_uart.c.obj
 .ARM.attributes
                0x000001df       0x2d cmake/stm32cubemx/CMakeFiles/STM32_Drivers.dir/__/__/Drivers/I2C_LCD/I2C_LCD.c.obj
 .ARM.attributes
                0x0000020c       0x2d cmake/stm32cubemx/CMakeFiles/STM32_Drivers.dir/__/__/Drivers/I2C_LCD/I2C_LCD_cfg.c.obj
 .ARM.attributes
                0x00000239       0x2d CMakeFiles/39_I2C_LCD.dir/Core/Src/main.c.obj
 .ARM.attributes
                0x00000266       0x2d CMakeFiles/39_I2C_LCD.dir/Core/Src/gpio.c.obj
 .ARM.attributes
                0x00000293       0x2d CMakeFiles/39_I2C_LCD.dir/Core/Src/i2c.c.obj
 .ARM.attributes
                0x000002c0       0x2d CMakeFiles/39_I2C_LCD.dir/Core/Src/usart.c.obj
 .ARM.attributes
                0x000002ed       0x2d CMakeFiles/39_I2C_LCD.dir/Core/Src/stm32f1xx_it.c.obj
 .ARM.attributes
                0x0000031a       0x2d CMakeFiles/39_I2C_LCD.dir/Core/Src/stm32f1xx_hal_msp.c.obj
 .ARM.attributes
                0x00000347       0x21 CMakeFiles/39_I2C_LCD.dir/startup_stm32f103xb.s.obj
 .ARM.attributes
                0x00000368       0x1d D:/STM32/STM32CubeCLT_1.18.0/GNU-tools-for-STM32/bin/../lib/gcc/arm-none-eabi/13.3.1/thumb/v7-m/nofp/crtn.o

.comment        0x00000000       0x43
 .comment       0x00000000       0x43 cmake/stm32cubemx/CMakeFiles/STM32_Drivers.dir/__/__/Core/Src/system_stm32f1xx.c.obj
                                 0x44 (size before relaxing)
 .comment       0x00000043       0x44 cmake/stm32cubemx/CMakeFiles/STM32_Drivers.dir/__/__/Drivers/STM32F1xx_HAL_Driver/Src/stm32f1xx_hal_i2c.c.obj
 .comment       0x00000043       0x44 cmake/stm32cubemx/CMakeFiles/STM32_Drivers.dir/__/__/Drivers/STM32F1xx_HAL_Driver/Src/stm32f1xx_hal.c.obj
 .comment       0x00000043       0x44 cmake/stm32cubemx/CMakeFiles/STM32_Drivers.dir/__/__/Drivers/STM32F1xx_HAL_Driver/Src/stm32f1xx_hal_rcc.c.obj
 .comment       0x00000043       0x44 cmake/stm32cubemx/CMakeFiles/STM32_Drivers.dir/__/__/Drivers/STM32F1xx_HAL_Driver/Src/stm32f1xx_hal_gpio.c.obj
 .comment       0x00000043       0x44 cmake/stm32cubemx/CMakeFiles/STM32_Drivers.dir/__/__/Drivers/STM32F1xx_HAL_Driver/Src/stm32f1xx_hal_cortex.c.obj
 .comment       0x00000043       0x44 cmake/stm32cubemx/CMakeFiles/STM32_Drivers.dir/__/__/Drivers/STM32F1xx_HAL_Driver/Src/stm32f1xx_hal_uart.c.obj
 .comment       0x00000043       0x44 cmake/stm32cubemx/CMakeFiles/STM32_Drivers.dir/__/__/Drivers/I2C_LCD/I2C_LCD.c.obj
 .comment       0x00000043       0x44 cmake/stm32cubemx/CMakeFiles/STM32_Drivers.dir/__/__/Drivers/I2C_LCD/I2C_LCD_cfg.c.obj
 .comment       0x00000043       0x44 CMakeFiles/39_I2C_LCD.dir/Core/Src/main.c.obj
 .comment       0x00000043       0x44 CMakeFiles/39_I2C_LCD.dir/Core/Src/gpio.c.obj
 .comment       0x00000043       0x44 CMakeFiles/39_I2C_LCD.dir/Core/Src/i2c.c.obj
 .comment       0x00000043       0x44 CMakeFiles/39_I2C_LCD.dir/Core/Src/usart.c.obj
 .comment       0x00000043       0x44 CMakeFiles/39_I2C_LCD.dir/Core/Src/stm32f1xx_it.c.obj
 .comment       0x00000043       0x44 CMakeFiles/39_I2C_LCD.dir/Core/Src/stm32f1xx_hal_msp.c.obj

.debug_frame    0x00000000     0x27a0
 .debug_frame   0x00000000       0x20 D:/STM32/STM32CubeCLT_1.18.0/GNU-tools-for-STM32/bin/../lib/gcc/arm-none-eabi/13.3.1/../../../../arm-none-eabi/lib/thumb/v7-m/nofp\libc_nano.a(libc_a-memset.o)
 .debug_frame   0x00000020       0x2c D:/STM32/STM32CubeCLT_1.18.0/GNU-tools-for-STM32/bin/../lib/gcc/arm-none-eabi/13.3.1/../../../../arm-none-eabi/lib/thumb/v7-m/nofp\libc_nano.a(libc_a-init.o)
 .debug_frame   0x0000004c       0x58 cmake/stm32cubemx/CMakeFiles/STM32_Drivers.dir/__/__/Core/Src/system_stm32f1xx.c.obj
 .debug_frame   0x000000a4      0xc84 cmake/stm32cubemx/CMakeFiles/STM32_Drivers.dir/__/__/Drivers/STM32F1xx_HAL_Driver/Src/stm32f1xx_hal_i2c.c.obj
 .debug_frame   0x00000d28      0x334 cmake/stm32cubemx/CMakeFiles/STM32_Drivers.dir/__/__/Drivers/STM32F1xx_HAL_Driver/Src/stm32f1xx_hal.c.obj
 .debug_frame   0x0000105c      0x218 cmake/stm32cubemx/CMakeFiles/STM32_Drivers.dir/__/__/Drivers/STM32F1xx_HAL_Driver/Src/stm32f1xx_hal_rcc.c.obj
 .debug_frame   0x00001274      0x14c cmake/stm32cubemx/CMakeFiles/STM32_Drivers.dir/__/__/Drivers/STM32F1xx_HAL_Driver/Src/stm32f1xx_hal_gpio.c.obj
 .debug_frame   0x000013c0      0x428 cmake/stm32cubemx/CMakeFiles/STM32_Drivers.dir/__/__/Drivers/STM32F1xx_HAL_Driver/Src/stm32f1xx_hal_cortex.c.obj
 .debug_frame   0x000017e8      0x944 cmake/stm32cubemx/CMakeFiles/STM32_Drivers.dir/__/__/Drivers/STM32F1xx_HAL_Driver/Src/stm32f1xx_hal_uart.c.obj
 .debug_frame   0x0000212c      0x374 cmake/stm32cubemx/CMakeFiles/STM32_Drivers.dir/__/__/Drivers/I2C_LCD/I2C_LCD.c.obj
 .debug_frame   0x000024a0       0x8c CMakeFiles/39_I2C_LCD.dir/Core/Src/main.c.obj
 .debug_frame   0x0000252c       0x34 CMakeFiles/39_I2C_LCD.dir/Core/Src/gpio.c.obj
 .debug_frame   0x00002560       0x74 CMakeFiles/39_I2C_LCD.dir/Core/Src/i2c.c.obj
 .debug_frame   0x000025d4       0x74 CMakeFiles/39_I2C_LCD.dir/Core/Src/usart.c.obj
 .debug_frame   0x00002648      0x120 CMakeFiles/39_I2C_LCD.dir/Core/Src/stm32f1xx_it.c.obj
 .debug_frame   0x00002768       0x38 CMakeFiles/39_I2C_LCD.dir/Core/Src/stm32f1xx_hal_msp.c.obj

.debug_info     0x00000000     0xa451
 .debug_info    0x00000000      0x222 cmake/stm32cubemx/CMakeFiles/STM32_Drivers.dir/__/__/Core/Src/system_stm32f1xx.c.obj
 .debug_info    0x00000222     0x2524 cmake/stm32cubemx/CMakeFiles/STM32_Drivers.dir/__/__/Drivers/STM32F1xx_HAL_Driver/Src/stm32f1xx_hal_i2c.c.obj
 .debug_info    0x00002746      0x704 cmake/stm32cubemx/CMakeFiles/STM32_Drivers.dir/__/__/Drivers/STM32F1xx_HAL_Driver/Src/stm32f1xx_hal.c.obj
 .debug_info    0x00002e4a      0x7d5 cmake/stm32cubemx/CMakeFiles/STM32_Drivers.dir/__/__/Drivers/STM32F1xx_HAL_Driver/Src/stm32f1xx_hal_rcc.c.obj
 .debug_info    0x0000361f      0x5ab cmake/stm32cubemx/CMakeFiles/STM32_Drivers.dir/__/__/Drivers/STM32F1xx_HAL_Driver/Src/stm32f1xx_hal_gpio.c.obj
 .debug_info    0x00003bca      0xa87 cmake/stm32cubemx/CMakeFiles/STM32_Drivers.dir/__/__/Drivers/STM32F1xx_HAL_Driver/Src/stm32f1xx_hal_cortex.c.obj
 .debug_info    0x00004651     0x2eed cmake/stm32cubemx/CMakeFiles/STM32_Drivers.dir/__/__/Drivers/STM32F1xx_HAL_Driver/Src/stm32f1xx_hal_uart.c.obj
 .debug_info    0x0000753e      0xd15 cmake/stm32cubemx/CMakeFiles/STM32_Drivers.dir/__/__/Drivers/I2C_LCD/I2C_LCD.c.obj
 .debug_info    0x00008253      0x5fe cmake/stm32cubemx/CMakeFiles/STM32_Drivers.dir/__/__/Drivers/I2C_LCD/I2C_LCD_cfg.c.obj
 .debug_info    0x00008851      0x4cb CMakeFiles/39_I2C_LCD.dir/Core/Src/main.c.obj
 .debug_info    0x00008d1c      0x44e CMakeFiles/39_I2C_LCD.dir/Core/Src/gpio.c.obj
 .debug_info    0x0000916a      0x7e3 CMakeFiles/39_I2C_LCD.dir/Core/Src/i2c.c.obj
 .debug_info    0x0000994d      0x798 CMakeFiles/39_I2C_LCD.dir/Core/Src/usart.c.obj
 .debug_info    0x0000a0e5      0x14b CMakeFiles/39_I2C_LCD.dir/Core/Src/stm32f1xx_it.c.obj
 .debug_info    0x0000a230      0x1f1 CMakeFiles/39_I2C_LCD.dir/Core/Src/stm32f1xx_hal_msp.c.obj
 .debug_info    0x0000a421       0x30 CMakeFiles/39_I2C_LCD.dir/startup_stm32f103xb.s.obj

.debug_abbrev   0x00000000     0x1c3c
 .debug_abbrev  0x00000000      0x13f cmake/stm32cubemx/CMakeFiles/STM32_Drivers.dir/__/__/Core/Src/system_stm32f1xx.c.obj
 .debug_abbrev  0x0000013f      0x2a3 cmake/stm32cubemx/CMakeFiles/STM32_Drivers.dir/__/__/Drivers/STM32F1xx_HAL_Driver/Src/stm32f1xx_hal_i2c.c.obj
 .debug_abbrev  0x000003e2      0x201 cmake/stm32cubemx/CMakeFiles/STM32_Drivers.dir/__/__/Drivers/STM32F1xx_HAL_Driver/Src/stm32f1xx_hal.c.obj
 .debug_abbrev  0x000005e3      0x2b3 cmake/stm32cubemx/CMakeFiles/STM32_Drivers.dir/__/__/Drivers/STM32F1xx_HAL_Driver/Src/stm32f1xx_hal_rcc.c.obj
 .debug_abbrev  0x00000896      0x1ca cmake/stm32cubemx/CMakeFiles/STM32_Drivers.dir/__/__/Drivers/STM32F1xx_HAL_Driver/Src/stm32f1xx_hal_gpio.c.obj
 .debug_abbrev  0x00000a60      0x2f8 cmake/stm32cubemx/CMakeFiles/STM32_Drivers.dir/__/__/Drivers/STM32F1xx_HAL_Driver/Src/stm32f1xx_hal_cortex.c.obj
 .debug_abbrev  0x00000d58      0x2f8 cmake/stm32cubemx/CMakeFiles/STM32_Drivers.dir/__/__/Drivers/STM32F1xx_HAL_Driver/Src/stm32f1xx_hal_uart.c.obj
 .debug_abbrev  0x00001050      0x1fa cmake/stm32cubemx/CMakeFiles/STM32_Drivers.dir/__/__/Drivers/I2C_LCD/I2C_LCD.c.obj
 .debug_abbrev  0x0000124a      0x133 cmake/stm32cubemx/CMakeFiles/STM32_Drivers.dir/__/__/Drivers/I2C_LCD/I2C_LCD_cfg.c.obj
 .debug_abbrev  0x0000137d      0x1fb CMakeFiles/39_I2C_LCD.dir/Core/Src/main.c.obj
 .debug_abbrev  0x00001578      0x161 CMakeFiles/39_I2C_LCD.dir/Core/Src/gpio.c.obj
 .debug_abbrev  0x000016d9      0x1de CMakeFiles/39_I2C_LCD.dir/Core/Src/i2c.c.obj
 .debug_abbrev  0x000018b7      0x1e6 CMakeFiles/39_I2C_LCD.dir/Core/Src/usart.c.obj
 .debug_abbrev  0x00001a9d       0xa0 CMakeFiles/39_I2C_LCD.dir/Core/Src/stm32f1xx_it.c.obj
 .debug_abbrev  0x00001b3d       0xdb CMakeFiles/39_I2C_LCD.dir/Core/Src/stm32f1xx_hal_msp.c.obj
 .debug_abbrev  0x00001c18       0x24 CMakeFiles/39_I2C_LCD.dir/startup_stm32f103xb.s.obj

.debug_aranges  0x00000000      0x9f8
 .debug_aranges
                0x00000000       0x28 cmake/stm32cubemx/CMakeFiles/STM32_Drivers.dir/__/__/Core/Src/system_stm32f1xx.c.obj
 .debug_aranges
                0x00000028      0x2a8 cmake/stm32cubemx/CMakeFiles/STM32_Drivers.dir/__/__/Drivers/STM32F1xx_HAL_Driver/Src/stm32f1xx_hal_i2c.c.obj
 .debug_aranges
                0x000002d0       0xe0 cmake/stm32cubemx/CMakeFiles/STM32_Drivers.dir/__/__/Drivers/STM32F1xx_HAL_Driver/Src/stm32f1xx_hal.c.obj
 .debug_aranges
                0x000003b0       0x90 cmake/stm32cubemx/CMakeFiles/STM32_Drivers.dir/__/__/Drivers/STM32F1xx_HAL_Driver/Src/stm32f1xx_hal_rcc.c.obj
 .debug_aranges
                0x00000440       0x58 cmake/stm32cubemx/CMakeFiles/STM32_Drivers.dir/__/__/Drivers/STM32F1xx_HAL_Driver/Src/stm32f1xx_hal_gpio.c.obj
 .debug_aranges
                0x00000498      0x100 cmake/stm32cubemx/CMakeFiles/STM32_Drivers.dir/__/__/Drivers/STM32F1xx_HAL_Driver/Src/stm32f1xx_hal_cortex.c.obj
 .debug_aranges
                0x00000598      0x208 cmake/stm32cubemx/CMakeFiles/STM32_Drivers.dir/__/__/Drivers/STM32F1xx_HAL_Driver/Src/stm32f1xx_hal_uart.c.obj
 .debug_aranges
                0x000007a0       0xd8 cmake/stm32cubemx/CMakeFiles/STM32_Drivers.dir/__/__/Drivers/I2C_LCD/I2C_LCD.c.obj
 .debug_aranges
                0x00000878       0x18 cmake/stm32cubemx/CMakeFiles/STM32_Drivers.dir/__/__/Drivers/I2C_LCD/I2C_LCD_cfg.c.obj
 .debug_aranges
                0x00000890       0x38 CMakeFiles/39_I2C_LCD.dir/Core/Src/main.c.obj
 .debug_aranges
                0x000008c8       0x20 CMakeFiles/39_I2C_LCD.dir/Core/Src/gpio.c.obj
 .debug_aranges
                0x000008e8       0x30 CMakeFiles/39_I2C_LCD.dir/Core/Src/i2c.c.obj
 .debug_aranges
                0x00000918       0x30 CMakeFiles/39_I2C_LCD.dir/Core/Src/usart.c.obj
 .debug_aranges
                0x00000948       0x68 CMakeFiles/39_I2C_LCD.dir/Core/Src/stm32f1xx_it.c.obj
 .debug_aranges
                0x000009b0       0x20 CMakeFiles/39_I2C_LCD.dir/Core/Src/stm32f1xx_hal_msp.c.obj
 .debug_aranges
                0x000009d0       0x28 CMakeFiles/39_I2C_LCD.dir/startup_stm32f103xb.s.obj

.debug_rnglists
                0x00000000      0x7aa
 .debug_rnglists
                0x00000000       0x1a cmake/stm32cubemx/CMakeFiles/STM32_Drivers.dir/__/__/Core/Src/system_stm32f1xx.c.obj
 .debug_rnglists
                0x0000001a      0x23c cmake/stm32cubemx/CMakeFiles/STM32_Drivers.dir/__/__/Drivers/STM32F1xx_HAL_Driver/Src/stm32f1xx_hal_i2c.c.obj
 .debug_rnglists
                0x00000256       0xa3 cmake/stm32cubemx/CMakeFiles/STM32_Drivers.dir/__/__/Drivers/STM32F1xx_HAL_Driver/Src/stm32f1xx_hal.c.obj
 .debug_rnglists
                0x000002f9       0x6c cmake/stm32cubemx/CMakeFiles/STM32_Drivers.dir/__/__/Drivers/STM32F1xx_HAL_Driver/Src/stm32f1xx_hal_rcc.c.obj
 .debug_rnglists
                0x00000365       0x3f cmake/stm32cubemx/CMakeFiles/STM32_Drivers.dir/__/__/Drivers/STM32F1xx_HAL_Driver/Src/stm32f1xx_hal_gpio.c.obj
 .debug_rnglists
                0x000003a4       0xbb cmake/stm32cubemx/CMakeFiles/STM32_Drivers.dir/__/__/Drivers/STM32F1xx_HAL_Driver/Src/stm32f1xx_hal_cortex.c.obj
 .debug_rnglists
                0x0000045f      0x1bc cmake/stm32cubemx/CMakeFiles/STM32_Drivers.dir/__/__/Drivers/STM32F1xx_HAL_Driver/Src/stm32f1xx_hal_uart.c.obj
 .debug_rnglists
                0x0000061b       0xa0 cmake/stm32cubemx/CMakeFiles/STM32_Drivers.dir/__/__/Drivers/I2C_LCD/I2C_LCD.c.obj
 .debug_rnglists
                0x000006bb       0x28 CMakeFiles/39_I2C_LCD.dir/Core/Src/main.c.obj
 .debug_rnglists
                0x000006e3       0x14 CMakeFiles/39_I2C_LCD.dir/Core/Src/gpio.c.obj
 .debug_rnglists
                0x000006f7       0x1f CMakeFiles/39_I2C_LCD.dir/Core/Src/i2c.c.obj
 .debug_rnglists
                0x00000716       0x1f CMakeFiles/39_I2C_LCD.dir/Core/Src/usart.c.obj
 .debug_rnglists
                0x00000735       0x49 CMakeFiles/39_I2C_LCD.dir/Core/Src/stm32f1xx_it.c.obj
 .debug_rnglists
                0x0000077e       0x13 CMakeFiles/39_I2C_LCD.dir/Core/Src/stm32f1xx_hal_msp.c.obj
 .debug_rnglists
                0x00000791       0x19 CMakeFiles/39_I2C_LCD.dir/startup_stm32f103xb.s.obj

.debug_macro    0x00000000    0x16d04
 .debug_macro   0x00000000      0x198 cmake/stm32cubemx/CMakeFiles/STM32_Drivers.dir/__/__/Core/Src/system_stm32f1xx.c.obj
 .debug_macro   0x00000198      0xacc cmake/stm32cubemx/CMakeFiles/STM32_Drivers.dir/__/__/Core/Src/system_stm32f1xx.c.obj
 .debug_macro   0x00000c64       0x2e cmake/stm32cubemx/CMakeFiles/STM32_Drivers.dir/__/__/Core/Src/system_stm32f1xx.c.obj
 .debug_macro   0x00000c92       0x22 cmake/stm32cubemx/CMakeFiles/STM32_Drivers.dir/__/__/Core/Src/system_stm32f1xx.c.obj
 .debug_macro   0x00000cb4       0x22 cmake/stm32cubemx/CMakeFiles/STM32_Drivers.dir/__/__/Core/Src/system_stm32f1xx.c.obj
 .debug_macro   0x00000cd6       0x8e cmake/stm32cubemx/CMakeFiles/STM32_Drivers.dir/__/__/Core/Src/system_stm32f1xx.c.obj
 .debug_macro   0x00000d64       0x51 cmake/stm32cubemx/CMakeFiles/STM32_Drivers.dir/__/__/Core/Src/system_stm32f1xx.c.obj
 .debug_macro   0x00000db5      0x103 cmake/stm32cubemx/CMakeFiles/STM32_Drivers.dir/__/__/Core/Src/system_stm32f1xx.c.obj
 .debug_macro   0x00000eb8       0x6a cmake/stm32cubemx/CMakeFiles/STM32_Drivers.dir/__/__/Core/Src/system_stm32f1xx.c.obj
 .debug_macro   0x00000f22      0x1df cmake/stm32cubemx/CMakeFiles/STM32_Drivers.dir/__/__/Core/Src/system_stm32f1xx.c.obj
 .debug_macro   0x00001101       0x1c cmake/stm32cubemx/CMakeFiles/STM32_Drivers.dir/__/__/Core/Src/system_stm32f1xx.c.obj
 .debug_macro   0x0000111d       0x22 cmake/stm32cubemx/CMakeFiles/STM32_Drivers.dir/__/__/Core/Src/system_stm32f1xx.c.obj
 .debug_macro   0x0000113f       0xbd cmake/stm32cubemx/CMakeFiles/STM32_Drivers.dir/__/__/Core/Src/system_stm32f1xx.c.obj
 .debug_macro   0x000011fc      0xd23 cmake/stm32cubemx/CMakeFiles/STM32_Drivers.dir/__/__/Core/Src/system_stm32f1xx.c.obj
 .debug_macro   0x00001f1f     0xe09e cmake/stm32cubemx/CMakeFiles/STM32_Drivers.dir/__/__/Core/Src/system_stm32f1xx.c.obj
 .debug_macro   0x0000ffbd       0x6d cmake/stm32cubemx/CMakeFiles/STM32_Drivers.dir/__/__/Core/Src/system_stm32f1xx.c.obj
 .debug_macro   0x0001002a      0x21b cmake/stm32cubemx/CMakeFiles/STM32_Drivers.dir/__/__/Core/Src/system_stm32f1xx.c.obj
 .debug_macro   0x00010245     0x34a2 cmake/stm32cubemx/CMakeFiles/STM32_Drivers.dir/__/__/Core/Src/system_stm32f1xx.c.obj
 .debug_macro   0x000136e7      0x190 cmake/stm32cubemx/CMakeFiles/STM32_Drivers.dir/__/__/Core/Src/system_stm32f1xx.c.obj
 .debug_macro   0x00013877       0x5c cmake/stm32cubemx/CMakeFiles/STM32_Drivers.dir/__/__/Core/Src/system_stm32f1xx.c.obj
 .debug_macro   0x000138d3      0x5bc cmake/stm32cubemx/CMakeFiles/STM32_Drivers.dir/__/__/Core/Src/system_stm32f1xx.c.obj
 .debug_macro   0x00013e8f      0x289 cmake/stm32cubemx/CMakeFiles/STM32_Drivers.dir/__/__/Core/Src/system_stm32f1xx.c.obj
 .debug_macro   0x00014118      0x1cb cmake/stm32cubemx/CMakeFiles/STM32_Drivers.dir/__/__/Core/Src/system_stm32f1xx.c.obj
 .debug_macro   0x000142e3      0x114 cmake/stm32cubemx/CMakeFiles/STM32_Drivers.dir/__/__/Core/Src/system_stm32f1xx.c.obj
 .debug_macro   0x000143f7      0x1b2 cmake/stm32cubemx/CMakeFiles/STM32_Drivers.dir/__/__/Core/Src/system_stm32f1xx.c.obj
 .debug_macro   0x000145a9       0x27 cmake/stm32cubemx/CMakeFiles/STM32_Drivers.dir/__/__/Core/Src/system_stm32f1xx.c.obj
 .debug_macro   0x000145d0      0x136 cmake/stm32cubemx/CMakeFiles/STM32_Drivers.dir/__/__/Core/Src/system_stm32f1xx.c.obj
 .debug_macro   0x00014706      0x1bc cmake/stm32cubemx/CMakeFiles/STM32_Drivers.dir/__/__/Core/Src/system_stm32f1xx.c.obj
 .debug_macro   0x000148c2       0x34 cmake/stm32cubemx/CMakeFiles/STM32_Drivers.dir/__/__/Core/Src/system_stm32f1xx.c.obj
 .debug_macro   0x000148f6       0x3c cmake/stm32cubemx/CMakeFiles/STM32_Drivers.dir/__/__/Core/Src/system_stm32f1xx.c.obj
 .debug_macro   0x00014932       0x57 cmake/stm32cubemx/CMakeFiles/STM32_Drivers.dir/__/__/Core/Src/system_stm32f1xx.c.obj
 .debug_macro   0x00014989       0x87 cmake/stm32cubemx/CMakeFiles/STM32_Drivers.dir/__/__/Core/Src/system_stm32f1xx.c.obj
 .debug_macro   0x00014a10      0x240 cmake/stm32cubemx/CMakeFiles/STM32_Drivers.dir/__/__/Core/Src/system_stm32f1xx.c.obj
 .debug_macro   0x00014c50      0x287 cmake/stm32cubemx/CMakeFiles/STM32_Drivers.dir/__/__/Core/Src/system_stm32f1xx.c.obj
 .debug_macro   0x00014ed7      0x140 cmake/stm32cubemx/CMakeFiles/STM32_Drivers.dir/__/__/Core/Src/system_stm32f1xx.c.obj
 .debug_macro   0x00015017      0x28e cmake/stm32cubemx/CMakeFiles/STM32_Drivers.dir/__/__/Core/Src/system_stm32f1xx.c.obj
 .debug_macro   0x000152a5       0x83 cmake/stm32cubemx/CMakeFiles/STM32_Drivers.dir/__/__/Core/Src/system_stm32f1xx.c.obj
 .debug_macro   0x00015328      0x1e6 cmake/stm32cubemx/CMakeFiles/STM32_Drivers.dir/__/__/Drivers/STM32F1xx_HAL_Driver/Src/stm32f1xx_hal_i2c.c.obj
 .debug_macro   0x0001550e      0x1bc cmake/stm32cubemx/CMakeFiles/STM32_Drivers.dir/__/__/Drivers/STM32F1xx_HAL_Driver/Src/stm32f1xx_hal.c.obj
 .debug_macro   0x000156ca      0x1aa cmake/stm32cubemx/CMakeFiles/STM32_Drivers.dir/__/__/Drivers/STM32F1xx_HAL_Driver/Src/stm32f1xx_hal_rcc.c.obj
 .debug_macro   0x00015874      0x203 cmake/stm32cubemx/CMakeFiles/STM32_Drivers.dir/__/__/Drivers/STM32F1xx_HAL_Driver/Src/stm32f1xx_hal_gpio.c.obj
 .debug_macro   0x00015a77      0x198 cmake/stm32cubemx/CMakeFiles/STM32_Drivers.dir/__/__/Drivers/STM32F1xx_HAL_Driver/Src/stm32f1xx_hal_cortex.c.obj
 .debug_macro   0x00015c0f      0x199 cmake/stm32cubemx/CMakeFiles/STM32_Drivers.dir/__/__/Drivers/STM32F1xx_HAL_Driver/Src/stm32f1xx_hal_uart.c.obj
 .debug_macro   0x00015da8      0x28f cmake/stm32cubemx/CMakeFiles/STM32_Drivers.dir/__/__/Drivers/I2C_LCD/I2C_LCD.c.obj
 .debug_macro   0x00016037       0x16 cmake/stm32cubemx/CMakeFiles/STM32_Drivers.dir/__/__/Drivers/I2C_LCD/I2C_LCD.c.obj
 .debug_macro   0x0001604d       0x5e cmake/stm32cubemx/CMakeFiles/STM32_Drivers.dir/__/__/Drivers/I2C_LCD/I2C_LCD.c.obj
 .debug_macro   0x000160ab       0x3a cmake/stm32cubemx/CMakeFiles/STM32_Drivers.dir/__/__/Drivers/I2C_LCD/I2C_LCD.c.obj
 .debug_macro   0x000160e5      0x1ba cmake/stm32cubemx/CMakeFiles/STM32_Drivers.dir/__/__/Drivers/I2C_LCD/I2C_LCD_cfg.c.obj
 .debug_macro   0x0001629f       0x1c cmake/stm32cubemx/CMakeFiles/STM32_Drivers.dir/__/__/Drivers/I2C_LCD/I2C_LCD_cfg.c.obj
 .debug_macro   0x000162bb      0x1de CMakeFiles/39_I2C_LCD.dir/Core/Src/main.c.obj
 .debug_macro   0x00016499      0x1b1 CMakeFiles/39_I2C_LCD.dir/Core/Src/gpio.c.obj
 .debug_macro   0x0001664a      0x1b1 CMakeFiles/39_I2C_LCD.dir/Core/Src/i2c.c.obj
 .debug_macro   0x000167fb      0x1b1 CMakeFiles/39_I2C_LCD.dir/Core/Src/usart.c.obj
 .debug_macro   0x000169ac      0x1b1 CMakeFiles/39_I2C_LCD.dir/Core/Src/stm32f1xx_it.c.obj
 .debug_macro   0x00016b5d      0x1a7 CMakeFiles/39_I2C_LCD.dir/Core/Src/stm32f1xx_hal_msp.c.obj

.debug_line     0x00000000     0xd761
 .debug_line    0x00000000      0x79b cmake/stm32cubemx/CMakeFiles/STM32_Drivers.dir/__/__/Core/Src/system_stm32f1xx.c.obj
 .debug_line    0x0000079b     0x3bc9 cmake/stm32cubemx/CMakeFiles/STM32_Drivers.dir/__/__/Drivers/STM32F1xx_HAL_Driver/Src/stm32f1xx_hal_i2c.c.obj
 .debug_line    0x00004364      0x9cc cmake/stm32cubemx/CMakeFiles/STM32_Drivers.dir/__/__/Drivers/STM32F1xx_HAL_Driver/Src/stm32f1xx_hal.c.obj
 .debug_line    0x00004d30      0xe85 cmake/stm32cubemx/CMakeFiles/STM32_Drivers.dir/__/__/Drivers/STM32F1xx_HAL_Driver/Src/stm32f1xx_hal_rcc.c.obj
 .debug_line    0x00005bb5      0xa29 cmake/stm32cubemx/CMakeFiles/STM32_Drivers.dir/__/__/Drivers/STM32F1xx_HAL_Driver/Src/stm32f1xx_hal_gpio.c.obj
 .debug_line    0x000065de      0xb96 cmake/stm32cubemx/CMakeFiles/STM32_Drivers.dir/__/__/Drivers/STM32F1xx_HAL_Driver/Src/stm32f1xx_hal_cortex.c.obj
 .debug_line    0x00007174     0x24e8 cmake/stm32cubemx/CMakeFiles/STM32_Drivers.dir/__/__/Drivers/STM32F1xx_HAL_Driver/Src/stm32f1xx_hal_uart.c.obj
 .debug_line    0x0000965c      0xb06 cmake/stm32cubemx/CMakeFiles/STM32_Drivers.dir/__/__/Drivers/I2C_LCD/I2C_LCD.c.obj
 .debug_line    0x0000a162      0x723 cmake/stm32cubemx/CMakeFiles/STM32_Drivers.dir/__/__/Drivers/I2C_LCD/I2C_LCD_cfg.c.obj
 .debug_line    0x0000a885      0x920 CMakeFiles/39_I2C_LCD.dir/Core/Src/main.c.obj
 .debug_line    0x0000b1a5      0x738 CMakeFiles/39_I2C_LCD.dir/Core/Src/gpio.c.obj
 .debug_line    0x0000b8dd      0x786 CMakeFiles/39_I2C_LCD.dir/Core/Src/i2c.c.obj
 .debug_line    0x0000c063      0x786 CMakeFiles/39_I2C_LCD.dir/Core/Src/usart.c.obj
 .debug_line    0x0000c7e9      0x7e3 CMakeFiles/39_I2C_LCD.dir/Core/Src/stm32f1xx_it.c.obj
 .debug_line    0x0000cfcc      0x71d CMakeFiles/39_I2C_LCD.dir/Core/Src/stm32f1xx_hal_msp.c.obj
 .debug_line    0x0000d6e9       0x78 CMakeFiles/39_I2C_LCD.dir/startup_stm32f103xb.s.obj

.debug_str      0x00000000    0x81879
 .debug_str     0x00000000    0x81879 cmake/stm32cubemx/CMakeFiles/STM32_Drivers.dir/__/__/Core/Src/system_stm32f1xx.c.obj
                              0x7e384 (size before relaxing)
 .debug_str     0x00081879    0x7f44b cmake/stm32cubemx/CMakeFiles/STM32_Drivers.dir/__/__/Drivers/STM32F1xx_HAL_Driver/Src/stm32f1xx_hal_i2c.c.obj
 .debug_str     0x00081879    0x7eab7 cmake/stm32cubemx/CMakeFiles/STM32_Drivers.dir/__/__/Drivers/STM32F1xx_HAL_Driver/Src/stm32f1xx_hal.c.obj
 .debug_str     0x00081879    0x7e7b3 cmake/stm32cubemx/CMakeFiles/STM32_Drivers.dir/__/__/Drivers/STM32F1xx_HAL_Driver/Src/stm32f1xx_hal_rcc.c.obj
 .debug_str     0x00081879    0x7e70a cmake/stm32cubemx/CMakeFiles/STM32_Drivers.dir/__/__/Drivers/STM32F1xx_HAL_Driver/Src/stm32f1xx_hal_gpio.c.obj
 .debug_str     0x00081879    0x7ea03 cmake/stm32cubemx/CMakeFiles/STM32_Drivers.dir/__/__/Drivers/STM32F1xx_HAL_Driver/Src/stm32f1xx_hal_cortex.c.obj
 .debug_str     0x00081879    0x7ee24 cmake/stm32cubemx/CMakeFiles/STM32_Drivers.dir/__/__/Drivers/STM32F1xx_HAL_Driver/Src/stm32f1xx_hal_uart.c.obj
 .debug_str     0x00081879    0x7f0a8 cmake/stm32cubemx/CMakeFiles/STM32_Drivers.dir/__/__/Drivers/I2C_LCD/I2C_LCD.c.obj
 .debug_str     0x00081879    0x7e947 cmake/stm32cubemx/CMakeFiles/STM32_Drivers.dir/__/__/Drivers/I2C_LCD/I2C_LCD_cfg.c.obj
 .debug_str     0x00081879    0x7e7e2 CMakeFiles/39_I2C_LCD.dir/Core/Src/main.c.obj
 .debug_str     0x00081879    0x7e81a CMakeFiles/39_I2C_LCD.dir/Core/Src/gpio.c.obj
 .debug_str     0x00081879    0x7e9cd CMakeFiles/39_I2C_LCD.dir/Core/Src/i2c.c.obj
 .debug_str     0x00081879    0x7e95b CMakeFiles/39_I2C_LCD.dir/Core/Src/usart.c.obj
 .debug_str     0x00081879    0x7e4f2 CMakeFiles/39_I2C_LCD.dir/Core/Src/stm32f1xx_it.c.obj
 .debug_str     0x00081879    0x7e49b CMakeFiles/39_I2C_LCD.dir/Core/Src/stm32f1xx_hal_msp.c.obj
 .debug_str     0x00081879       0xda CMakeFiles/39_I2C_LCD.dir/startup_stm32f103xb.s.obj

.debug_line_str
                0x00000000       0xbe
 .debug_line_str
                0x00000000       0xbe CMakeFiles/39_I2C_LCD.dir/startup_stm32f103xb.s.obj
