23:29:38 **** Incremental Build of configuration Debug for project 32_ADC_MultiChannel_Continuous ****
make -j4 all 
arm-none-eabi-gcc "../Core/Src/main.c" -mcpu=cortex-m3 -std=gnu11 -g3 -DDEBUG -DUSE_HAL_DRIVER -DSTM32F103xB -c -I../Core/Inc -I../Drivers/STM32F1xx_HAL_Driver/Inc -I../Drivers/STM32F1xx_HAL_Driver/Inc/Legacy -I../Drivers/CMSIS/Device/ST/STM32F1xx/Include -I../Drivers/CMSIS/Include -O0 -ffunction-sections -fdata-sections -Wall -fstack-usage -fcyclomatic-complexity -MMD -MP -MF"Core/Src/main.d" -MT"Core/Src/main.o" --specs=nano.specs -mfloat-abi=soft -mthumb -o "Core/Src/main.o"
arm-none-eabi-g++ -o "32_ADC_MultiChannel_Continuous.elf" @"objects.list"   -mcpu=cortex-m3 -T"C:\Users\PanTalir\Documents\GitHub\Programming\STM32Cube\Nucleo_64\32_ADC_MultiChannel_Continuous\STM32F103RBTX_FLASH.ld" --specs=nosys.specs -Wl,-Map="32_ADC_MultiChannel_Continuous.map" -Wl,--gc-sections -static --specs=nano.specs -mfloat-abi=soft -mthumb -Wl,--start-group -lc -lm -lstdc++ -lsupc++ -Wl,--end-group
Finished building target: 32_ADC_MultiChannel_Continuous.elf
 
arm-none-eabi-size  32_ADC_MultiChannel_Continuous.elf 
arm-none-eabi-objdump -h -S 32_ADC_MultiChannel_Continuous.elf  > "32_ADC_MultiChannel_Continuous.list"
   text	   data	    bss	    dec	    hex	filename
  13092	     12	   1844	  14948	   3a64	32_ADC_MultiChannel_Continuous.elf
Finished building: default.size.stdout
 
Finished building: 32_ADC_MultiChannel_Continuous.list
 

23:29:39 Build Finished. 0 errors, 0 warnings. (took 927ms)

