16:25:38 **** Incremental Build of configuration Debug for project 34_Current_Sensing_BlackPill ****
make -j4 all 
arm-none-eabi-g++ -o "34_Current_Sensing_BlackPill.elf" @"objects.list"   -mcpu=cortex-m4 -T"C:\Users\PanTalir\Documents\GitHub\Programming\STM32Cube\Nucleo_64\34_Current_Sensing_BlackPill\STM32F411CEUX_FLASH.ld" --specs=nosys.specs -Wl,-Map="34_Current_Sensing_BlackPill.map" -Wl,--gc-sections -static --specs=nano.specs -mfpu=fpv4-sp-d16 -mfloat-abi=hard -mthumb -u _printf_float -Wl,--start-group -lc -lm -lstdc++ -lsupc++ -Wl,--end-group
Finished building target: 34_Current_Sensing_BlackPill.elf
 
arm-none-eabi-size  34_Current_Sensing_BlackPill.elf 
arm-none-eabi-objdump -h -S 34_Current_Sensing_BlackPill.elf  > "34_Current_Sensing_BlackPill.list"
   text	   data	    bss	    dec	    hex	filename
  31520	    468	   2164	  34152	   8568	34_Current_Sensing_BlackPill.elf
Finished building: default.size.stdout
 
Finished building: 34_Current_Sensing_BlackPill.list
 
16:27:06 **** Incremental Build of configuration Debug for project 34_ADC_Current_Sense_BluePill ****
make -j4 all 
arm-none-eabi-size  34_ADC_Current_Sense_BluePill.elf 
   text	   data	    bss	    dec	    hex	filename
  29672	    468	   2140	  32280	   7e18	34_ADC_Current_Sense_BluePill.elf
Finished building: default.size.stdout
 
16:28:51 **** Incremental Build of configuration Debug for project 34_ADC_Current_Sense_BluePill ****
make -j4 all 
arm-none-eabi-size  34_ADC_Current_Sense_BluePill.elf 
   text	   data	    bss	    dec	    hex	filename
  29672	    468	   2140	  32280	   7e18	34_ADC_Current_Sense_BluePill.elf
Finished building: default.size.stdout
 
16:29:11 **** Incremental Build of configuration Debug for project 34_ADC_Current_Sense_BluePill ****
make -j4 all 
arm-none-eabi-size  34_ADC_Current_Sense_BluePill.elf 
   text	   data	    bss	    dec	    hex	filename
  29672	    468	   2140	  32280	   7e18	34_ADC_Current_Sense_BluePill.elf
Finished building: default.size.stdout
 
16:29:32 **** Incremental Build of configuration Debug for project 34_ADC_Current_Sense_BluePill ****
make -j4 all 
arm-none-eabi-size  34_ADC_Current_Sense_BluePill.elf 
   text	   data	    bss	    dec	    hex	filename
  29672	    468	   2140	  32280	   7e18	34_ADC_Current_Sense_BluePill.elf
Finished building: default.size.stdout
 
16:32:11 **** Incremental Build of configuration Debug for project 34_ADC_Current_Sense_BluePill ****
make -j4 all 
arm-none-eabi-size  34_ADC_Current_Sense_BluePill.elf 
   text	   data	    bss	    dec	    hex	filename
  29672	    468	   2140	  32280	   7e18	34_ADC_Current_Sense_BluePill.elf
Finished building: default.size.stdout
 
16:33:12 **** Incremental Build of configuration Debug for project 34_ADC_Current_Sense_BluePill ****
make -j4 all 
arm-none-eabi-size  34_ADC_Current_Sense_BluePill.elf 
   text	   data	    bss	    dec	    hex	filename
  29672	    468	   2140	  32280	   7e18	34_ADC_Current_Sense_BluePill.elf
Finished building: default.size.stdout
 
16:34:08 **** Incremental Build of configuration Debug for project 34_ADC_Current_Sense_BluePill ****
make -j4 all 
arm-none-eabi-size  34_ADC_Current_Sense_BluePill.elf 
   text	   data	    bss	    dec	    hex	filename
  29672	    468	   2140	  32280	   7e18	34_ADC_Current_Sense_BluePill.elf
Finished building: default.size.stdout
 
16:35:34 **** Incremental Build of configuration Debug for project 34_ADC_Current_Sense_BluePill ****
make -j4 all 
arm-none-eabi-size  34_ADC_Current_Sense_BluePill.elf 
   text	   data	    bss	    dec	    hex	filename
  29672	    468	   2140	  32280	   7e18	34_ADC_Current_Sense_BluePill.elf
Finished building: default.size.stdout
 
16:35:45 **** Incremental Build of configuration Debug for project 34_ADC_Current_Sense_BluePill ****
make -j4 all 
arm-none-eabi-size  34_ADC_Current_Sense_BluePill.elf 
   text	   data	    bss	    dec	    hex	filename
  29672	    468	   2140	  32280	   7e18	34_ADC_Current_Sense_BluePill.elf
Finished building: default.size.stdout
 
16:35:54 **** Incremental Build of configuration Debug for project 34_ADC_Current_Sense_BluePill ****
make -j4 all 
arm-none-eabi-size  34_ADC_Current_Sense_BluePill.elf 
   text	   data	    bss	    dec	    hex	filename
  29672	    468	   2140	  32280	   7e18	34_ADC_Current_Sense_BluePill.elf
Finished building: default.size.stdout
 
16:36:22 **** Incremental Build of configuration Debug for project 34_ADC_Current_Sense_BluePill ****
make -j4 all 
arm-none-eabi-size  34_ADC_Current_Sense_BluePill.elf 
   text	   data	    bss	    dec	    hex	filename
  29672	    468	   2140	  32280	   7e18	34_ADC_Current_Sense_BluePill.elf
Finished building: default.size.stdout
 
16:36:29 **** Incremental Build of configuration Debug for project 34_ADC_Current_Sense_BluePill ****
make -j4 all 
arm-none-eabi-size  34_ADC_Current_Sense_BluePill.elf 
   text	   data	    bss	    dec	    hex	filename
  29672	    468	   2140	  32280	   7e18	34_ADC_Current_Sense_BluePill.elf
Finished building: default.size.stdout
 
16:44:25 **** Incremental Build of configuration Debug for project 34_Current_Sensing_BlackPill ****
make -j4 all 
arm-none-eabi-size  34_Current_Sensing_BlackPill.elf 
   text	   data	    bss	    dec	    hex	filename
  31520	    468	   2164	  34152	   8568	34_Current_Sensing_BlackPill.elf
Finished building: default.size.stdout
 
17:53:02 **** Incremental Build of configuration Debug for project 34_ADC_Current_Sense_BluePill ****
make -j4 all 
arm-none-eabi-gcc "../Core/Src/stm32f1xx_hal_msp.c" -mcpu=cortex-m3 -std=gnu11 -g3 -DDEBUG -DUSE_HAL_DRIVER -DSTM32F103xB -c -I../Core/Inc -I../Drivers/STM32F1xx_HAL_Driver/Inc/Legacy -I../Drivers/STM32F1xx_HAL_Driver/Inc -I../Drivers/CMSIS/Device/ST/STM32F1xx/Include -I../Drivers/CMSIS/Include -O0 -ffunction-sections -fdata-sections -Wall -fstack-usage -fcyclomatic-complexity -MMD -MP -MF"Core/Src/stm32f1xx_hal_msp.d" -MT"Core/Src/stm32f1xx_hal_msp.o" --specs=nano.specs -mfloat-abi=soft -mthumb -o "Core/Src/stm32f1xx_hal_msp.o"
arm-none-eabi-g++ -o "34_ADC_Current_Sense_BluePill.elf" @"objects.list"   -mcpu=cortex-m3 -T"C:\Users\PanTalir\Documents\GitHub\Programming\STM32Cube\Nucleo_64\34_ADC_Current_Sense_BluePill\STM32F103C8TX_FLASH.ld" --specs=nosys.specs -Wl,-Map="34_ADC_Current_Sense_BluePill.map" -Wl,--gc-sections -static --specs=nano.specs -mfloat-abi=soft -mthumb -u _printf_float -Wl,--start-group -lc -lm -lstdc++ -lsupc++ -Wl,--end-group
Finished building target: 34_ADC_Current_Sense_BluePill.elf
 
arm-none-eabi-size  34_ADC_Current_Sense_BluePill.elf 
arm-none-eabi-objdump -h -S 34_ADC_Current_Sense_BluePill.elf  > "34_ADC_Current_Sense_BluePill.list"
   text	   data	    bss	    dec	    hex	filename
  29664	    468	   2140	  32272	   7e10	34_ADC_Current_Sense_BluePill.elf
Finished building: default.size.stdout
 
Finished building: 34_ADC_Current_Sense_BluePill.list
 
17:53:43 **** Incremental Build of configuration Debug for project 34_ADC_Current_Sense_BluePill ****
make -j4 all 
arm-none-eabi-size  34_ADC_Current_Sense_BluePill.elf 
   text	   data	    bss	    dec	    hex	filename
  29664	    468	   2140	  32272	   7e10	34_ADC_Current_Sense_BluePill.elf
Finished building: default.size.stdout
 
17:57:02 **** Incremental Build of configuration Debug for project 34_ADC_Current_Sense_BluePill ****
make -j4 all 
arm-none-eabi-size  34_ADC_Current_Sense_BluePill.elf 
   text	   data	    bss	    dec	    hex	filename
  29664	    468	   2140	  32272	   7e10	34_ADC_Current_Sense_BluePill.elf
Finished building: default.size.stdout
 
17:59:25 **** Incremental Build of configuration Debug for project 34_ADC_Current_Sense_BluePill ****
make -j4 all 
arm-none-eabi-size  34_ADC_Current_Sense_BluePill.elf 
   text	   data	    bss	    dec	    hex	filename
  29664	    468	   2140	  32272	   7e10	34_ADC_Current_Sense_BluePill.elf
Finished building: default.size.stdout
 
18:00:50 **** Incremental Build of configuration Debug for project 34_ADC_Current_Sense_BluePill ****
make -j4 all 
arm-none-eabi-size  34_ADC_Current_Sense_BluePill.elf 
   text	   data	    bss	    dec	    hex	filename
  29664	    468	   2140	  32272	   7e10	34_ADC_Current_Sense_BluePill.elf
Finished building: default.size.stdout
 
