15:41:37 **** Incremental Build of configuration Debug for project 03_RelayBoard_DIPs ****
make -j4 all 
arm-none-eabi-gcc "../Core/Src/main.c" -mcpu=cortex-m0plus -std=gnu11 -g3 -DDEBUG -DUSE_HAL_DRIVER -DSTM32G050xx -c -I../Core/Inc -I../Drivers/STM32G0xx_HAL_Driver/Inc -I../Drivers/STM32G0xx_HAL_Driver/Inc/Legacy -I../Drivers/CMSIS/Device/ST/STM32G0xx/Include -I../Drivers/CMSIS/Include -O0 -ffunction-sections -fdata-sections -Wall -fstack-usage -fcyclomatic-complexity -MMD -MP -MF"Core/Src/main.d" -MT"Core/Src/main.o" --specs=nano.specs -mfloat-abi=soft -mthumb -o "Core/Src/main.o"
arm-none-eabi-g++ -o "03_RelayBoard_DIPs.elf" @"objects.list"   -mcpu=cortex-m0plus -T"C:\Users\PanTalir\Documents\GitHub\Programming\STM32\StandAlone\G050K8\03_RelayBoard_DIPs\STM32G050K8TX_FLASH.ld" --specs=nosys.specs -Wl,-Map="03_RelayBoard_DIPs.map" -Wl,--gc-sections -static --specs=nano.specs -mfloat-abi=soft -mthumb -Wl,--start-group -lc -lm -lstdc++ -lsupc++ -Wl,--end-group
Finished building target: 03_RelayBoard_DIPs.elf
 
arm-none-eabi-size  03_RelayBoard_DIPs.elf 
arm-none-eabi-objdump -h -S 03_RelayBoard_DIPs.elf  > "03_RelayBoard_DIPs.list"
   text	   data	    bss	    dec	    hex	filename
   5832	     12	   1572	   7416	   1cf8	03_RelayBoard_DIPs.elf
Finished building: default.size.stdout
 
Finished building: 03_RelayBoard_DIPs.list
 

15:41:38 Build Finished. 0 errors, 0 warnings. (took 935ms)

