10:54:26 **** Incremental Build of configuration Debug for project 03_RCC ****
make -j4 all 
arm-none-eabi-gcc "../Core/Src/main.c" -mcpu=cortex-m3 -std=gnu11 -g3 -DDEBUG -DUSE_HAL_DRIVER -DSTM32F103xB -c -I../Core/Inc -I../Drivers/STM32F1xx_HAL_Driver/Inc -I../Drivers/STM32F1xx_HAL_Driver/Inc/Legacy -I../Drivers/CMSIS/Device/ST/STM32F1xx/Include -I../Drivers/CMSIS/Include -O0 -ffunction-sections -fdata-sections -Wall -fstack-usage -fcyclomatic-complexity -MMD -MP -MF"Core/Src/main.d" -MT"Core/Src/main.o" --specs=nano.specs -mfloat-abi=soft -mthumb -o "Core/Src/main.o"
arm-none-eabi-g++ -o "03_RCC.elf" @"objects.list"   -mcpu=cortex-m3 -T"C:\Users\PanTalir\Documents\GitHub\Programming\STM32Cube\03_RCC\STM32F103RBTX_FLASH.ld" --specs=nosys.specs -Wl,-Map="03_RCC.map" -Wl,--gc-sections -static --specs=nano.specs -mfloat-abi=soft -mthumb -Wl,--start-group -lc -lm -lstdc++ -lsupc++ -Wl,--end-group
Finished building target: 03_RCC.elf
 
arm-none-eabi-size  03_RCC.elf 
arm-none-eabi-objdump -h -S 03_RCC.elf  > "03_RCC.list"
   text	   data	    bss	    dec	    hex	filename
   5004	     12	   1572	   6588	   19bc	03_RCC.elf
Finished building: default.size.stdout
 
Finished building: 03_RCC.list
 

10:54:27 Build Finished. 0 errors, 0 warnings. (took 772ms)

