12:28:16 **** Incremental Build of configuration Debug for project 04_RelayBoard_Relays+LM35 ****
make -j4 all 
arm-none-eabi-gcc "../Core/Src/main.c" -mcpu=cortex-m0plus -std=gnu11 -g3 -DDEBUG -DUSE_HAL_DRIVER -DSTM32G050xx -c -I../Core/Inc -I../Drivers/STM32G0xx_HAL_Driver/Inc -I../Drivers/STM32G0xx_HAL_Driver/Inc/Legacy -I../Drivers/CMSIS/Device/ST/STM32G0xx/Include -I../Drivers/CMSIS/Include -O0 -ffunction-sections -fdata-sections -Wall -fstack-usage -fcyclomatic-complexity -MMD -MP -MF"Core/Src/main.d" -MT"Core/Src/main.o" --specs=nano.specs -mfloat-abi=soft -mthumb -o "Core/Src/main.o"
arm-none-eabi-g++ -o "04_RelayBoard_Relays+LM35.elf" @"objects.list"   -mcpu=cortex-m0plus -T"C:\Users\PanTalir\Documents\GitHub\Programming\STM32\StandAlone\G050K8\04_RelayBoard_Relays\STM32G050K8TX_FLASH.ld" --specs=nosys.specs -Wl,-Map="04_RelayBoard_Relays+LM35.map" -Wl,--gc-sections -static --specs=nano.specs -mfloat-abi=soft -mthumb -u _printf_float -Wl,--start-group -lc -lm -lstdc++ -lsupc++ -Wl,--end-group
Finished building target: 04_RelayBoard_Relays+LM35.elf
 
arm-none-eabi-size  04_RelayBoard_Relays+LM35.elf 
arm-none-eabi-objdump -h -S 04_RelayBoard_Relays+LM35.elf  > "04_RelayBoard_Relays+LM35.list"
   text	   data	    bss	    dec	    hex	filename
  37748	    468	   2268	  40484	   9e24	04_RelayBoard_Relays+LM35.elf
Finished building: default.size.stdout
 
Finished building: 04_RelayBoard_Relays+LM35.list
 

12:28:18 Build Finished. 0 errors, 0 warnings. (took 1s.264ms)

