18:56:54 **** Incremental Build of configuration Debug for project 06_Debugging_with_PrintF ****
make -j4 all 
arm-none-eabi-gcc "../Core/Src/main.c" -mcpu=cortex-m3 -std=gnu11 -g3 -DDEBUG -DUSE_HAL_DRIVER -DSTM32F103xB -c -I../Core/Inc -I../Drivers/STM32F1xx_HAL_Driver/Inc -I../Drivers/STM32F1xx_HAL_Driver/Inc/Legacy -I../Drivers/CMSIS/Device/ST/STM32F1xx/Include -I../Drivers/CMSIS/Include -O0 -ffunction-sections -fdata-sections -Wall -fstack-usage -fcyclomatic-complexity -MMD -MP -MF"Core/Src/main.d" -MT"Core/Src/main.o" --specs=nano.specs -mfloat-abi=soft -mthumb -o "Core/Src/main.o"
../Core/Src/main.c: In function 'main':
../Core/Src/main.c:42:17: warning: implicit declaration of function 'printf' [-Wimplicit-function-declaration]
   42 |                 printf("Hello World!! \n");
      |                 ^~~~~~
../Core/Src/main.c:7:1: note: include '<stdio.h>' or provide a declaration of 'printf'
    6 | #include "main.h"
  +++ |+#include <stdio.h>
    7 | 
../Core/Src/main.c:42:17: warning: incompatible implicit declaration of built-in function 'printf' [-Wbuiltin-declaration-mismatch]
   42 |                 printf("Hello World!! \n");
      |                 ^~~~~~
../Core/Src/main.c:42:17: note: include '<stdio.h>' or provide a declaration of 'printf'
arm-none-eabi-g++ -o "06_Debugging_with_PrintF.elf" @"objects.list"   -mcpu=cortex-m3 -T"C:\Users\PanTalir\Documents\GitHub\Programming\STM32Cube\06_Debugging_with_PrintF\STM32F103RBTX_FLASH.ld" --specs=nosys.specs -Wl,-Map="06_Debugging_with_PrintF.map" -Wl,--gc-sections -static --specs=nano.specs -mfloat-abi=soft -mthumb -Wl,--start-group -lc -lm -lstdc++ -lsupc++ -Wl,--end-group
Finished building target: 06_Debugging_with_PrintF.elf
 
arm-none-eabi-size  06_Debugging_with_PrintF.elf 
arm-none-eabi-objdump -h -S 06_Debugging_with_PrintF.elf  > "06_Debugging_with_PrintF.list"
   text	   data	    bss	    dec	    hex	filename
   7592	    104	   1904	   9600	   2580	06_Debugging_with_PrintF.elf
Finished building: default.size.stdout
 
Finished building: 06_Debugging_with_PrintF.list
 

18:56:55 Build Finished. 0 errors, 2 warnings. (took 843ms)

