22:24:19 **** Incremental Build of configuration Debug for project 08_Interrupts ****
make -j4 all 
arm-none-eabi-gcc "../Core/Src/main.c" -mcpu=cortex-m3 -std=gnu11 -g3 -DDEBUG -DUSE_HAL_DRIVER -DSTM32F103xB -c -I../Core/Inc -I../Drivers/STM32F1xx_HAL_Driver/Inc -I../Drivers/STM32F1xx_HAL_Driver/Inc/Legacy -I../Drivers/CMSIS/Device/ST/STM32F1xx/Include -I../Drivers/CMSIS/Include -O0 -ffunction-sections -fdata-sections -Wall -fstack-usage -fcyclomatic-complexity -MMD -MP -MF"Core/Src/main.d" -MT"Core/Src/main.o" --specs=nano.specs -mfloat-abi=soft -mthumb -o "Core/Src/main.o"
arm-none-eabi-g++ -o "08_Interrupts.elf" @"objects.list"   -mcpu=cortex-m3 -T"C:\Users\PanTalir\Documents\GitHub\Programming\STM32Cube\08_Interrupts\STM32F103RBTX_FLASH.ld" --specs=nosys.specs -Wl,-Map="08_Interrupts.map" -Wl,--gc-sections -static --specs=nano.specs -mfloat-abi=soft -mthumb -Wl,--start-group -lc -lm -lstdc++ -lsupc++ -Wl,--end-group
Finished building target: 08_Interrupts.elf
 
arm-none-eabi-size  08_Interrupts.elf 
arm-none-eabi-objdump -h -S 08_Interrupts.elf  > "08_Interrupts.list"
   text	   data	    bss	    dec	    hex	filename
   5616	     12	   1644	   7272	   1c68	08_Interrupts.elf
Finished building: default.size.stdout
 
Finished building: 08_Interrupts.list
 

22:24:20 Build Finished. 0 errors, 0 warnings. (took 879ms)

