17:23:30 **** Incremental Build of configuration Debug for project 05_SysTick_Timer ****
make -j4 all 
arm-none-eabi-gcc "../Core/Src/main.c" -mcpu=cortex-m3 -std=gnu11 -g3 -DDEBUG -DUSE_HAL_DRIVER -DSTM32F103xB -c -I../Core/Inc -I../Drivers/STM32F1xx_HAL_Driver/Inc -I../Drivers/STM32F1xx_HAL_Driver/Inc/Legacy -I../Drivers/CMSIS/Device/ST/STM32F1xx/Include -I../Drivers/CMSIS/Include -O0 -ffunction-sections -fdata-sections -Wall -fstack-usage -fcyclomatic-complexity -MMD -MP -MF"Core/Src/main.d" -MT"Core/Src/main.o" --specs=nano.specs -mfloat-abi=soft -mthumb -o "Core/Src/main.o"
arm-none-eabi-g++ -o "05_SysTick_Timer.elf" @"objects.list"   -mcpu=cortex-m3 -T"C:\Users\PanTalir\Documents\GitHub\Programming\STM32Cube\05_SysTick_Timer\STM32F103RBTX_FLASH.ld" --specs=nosys.specs -Wl,-Map="05_SysTick_Timer.map" -Wl,--gc-sections -static --specs=nano.specs -mfloat-abi=soft -mthumb -Wl,--start-group -lc -lm -lstdc++ -lsupc++ -Wl,--end-group
Finished building target: 05_SysTick_Timer.elf
 
arm-none-eabi-size  05_SysTick_Timer.elf 
arm-none-eabi-objdump -h -S 05_SysTick_Timer.elf  > "05_SysTick_Timer.list"
   text	   data	    bss	    dec	    hex	filename
   4980	     12	   1572	   6564	   19a4	05_SysTick_Timer.elf
Finished building: default.size.stdout
 
Finished building: 05_SysTick_Timer.list
 
17:23:51 **** Incremental Build of configuration Debug for project 05_SysTick_Timer ****
make -j4 all 
arm-none-eabi-gcc "../Core/Src/main.c" -mcpu=cortex-m3 -std=gnu11 -g3 -DDEBUG -DUSE_HAL_DRIVER -DSTM32F103xB -c -I../Core/Inc -I../Drivers/STM32F1xx_HAL_Driver/Inc -I../Drivers/STM32F1xx_HAL_Driver/Inc/Legacy -I../Drivers/CMSIS/Device/ST/STM32F1xx/Include -I../Drivers/CMSIS/Include -O0 -ffunction-sections -fdata-sections -Wall -fstack-usage -fcyclomatic-complexity -MMD -MP -MF"Core/Src/main.d" -MT"Core/Src/main.o" --specs=nano.specs -mfloat-abi=soft -mthumb -o "Core/Src/main.o"
arm-none-eabi-g++ -o "05_SysTick_Timer.elf" @"objects.list"   -mcpu=cortex-m3 -T"C:\Users\PanTalir\Documents\GitHub\Programming\STM32Cube\05_SysTick_Timer\STM32F103RBTX_FLASH.ld" --specs=nosys.specs -Wl,-Map="05_SysTick_Timer.map" -Wl,--gc-sections -static --specs=nano.specs -mfloat-abi=soft -mthumb -Wl,--start-group -lc -lm -lstdc++ -lsupc++ -Wl,--end-group
Finished building target: 05_SysTick_Timer.elf
 
arm-none-eabi-size  05_SysTick_Timer.elf 
arm-none-eabi-objdump -h -S 05_SysTick_Timer.elf  > "05_SysTick_Timer.list"
   text	   data	    bss	    dec	    hex	filename
   4980	     12	   1572	   6564	   19a4	05_SysTick_Timer.elf
Finished building: default.size.stdout
 
Finished building: 05_SysTick_Timer.list
 
17:24:10 **** Incremental Build of configuration Debug for project 05_SysTick_Timer ****
make -j4 all 
arm-none-eabi-size  05_SysTick_Timer.elf 
   text	   data	    bss	    dec	    hex	filename
   4980	     12	   1572	   6564	   19a4	05_SysTick_Timer.elf
Finished building: default.size.stdout
 
17:36:48 **** Incremental Build of configuration Debug for project 05_SysTick_Timer ****
make -j4 all 
arm-none-eabi-gcc "../Core/Src/main.c" -mcpu=cortex-m3 -std=gnu11 -g3 -DDEBUG -DUSE_HAL_DRIVER -DSTM32F103xB -c -I../Core/Inc -I../Drivers/STM32F1xx_HAL_Driver/Inc -I../Drivers/STM32F1xx_HAL_Driver/Inc/Legacy -I../Drivers/CMSIS/Device/ST/STM32F1xx/Include -I../Drivers/CMSIS/Include -O0 -ffunction-sections -fdata-sections -Wall -fstack-usage -fcyclomatic-complexity -MMD -MP -MF"Core/Src/main.d" -MT"Core/Src/main.o" --specs=nano.specs -mfloat-abi=soft -mthumb -o "Core/Src/main.o"
../Core/Src/main.c: In function 'main':
../Core/Src/main.c:46:18: warning: variable 'LED_State' set but not used [-Wunused-but-set-variable]
   46 |         uint32_t LED_State = 0;
      |                  ^~~~~~~~~
arm-none-eabi-g++ -o "05_SysTick_Timer.elf" @"objects.list"   -mcpu=cortex-m3 -T"C:\Users\PanTalir\Documents\GitHub\Programming\STM32Cube\05_SysTick_Timer\STM32F103RBTX_FLASH.ld" --specs=nosys.specs -Wl,-Map="05_SysTick_Timer.map" -Wl,--gc-sections -static --specs=nano.specs -mfloat-abi=soft -mthumb -Wl,--start-group -lc -lm -lstdc++ -lsupc++ -Wl,--end-group
Finished building target: 05_SysTick_Timer.elf
 
arm-none-eabi-size  05_SysTick_Timer.elf 
arm-none-eabi-objdump -h -S 05_SysTick_Timer.elf  > "05_SysTick_Timer.list"
   text	   data	    bss	    dec	    hex	filename
   4992	     12	   1572	   6576	   19b0	05_SysTick_Timer.elf
Finished building: default.size.stdout
 
Finished building: 05_SysTick_Timer.list
 
17:38:07 **** Incremental Build of configuration Debug for project 05_SysTick_Timer ****
make -j4 all 
arm-none-eabi-size  05_SysTick_Timer.elf 
   text	   data	    bss	    dec	    hex	filename
   4992	     12	   1572	   6576	   19b0	05_SysTick_Timer.elf
Finished building: default.size.stdout
 
17:38:40 **** Incremental Build of configuration Debug for project 05_SysTick_Timer ****
make -j4 all 
arm-none-eabi-gcc "../Core/Src/main.c" -mcpu=cortex-m3 -std=gnu11 -g3 -DDEBUG -DUSE_HAL_DRIVER -DSTM32F103xB -c -I../Core/Inc -I../Drivers/STM32F1xx_HAL_Driver/Inc -I../Drivers/STM32F1xx_HAL_Driver/Inc/Legacy -I../Drivers/CMSIS/Device/ST/STM32F1xx/Include -I../Drivers/CMSIS/Include -O0 -ffunction-sections -fdata-sections -Wall -fstack-usage -fcyclomatic-complexity -MMD -MP -MF"Core/Src/main.d" -MT"Core/Src/main.o" --specs=nano.specs -mfloat-abi=soft -mthumb -o "Core/Src/main.o"
arm-none-eabi-g++ -o "05_SysTick_Timer.elf" @"objects.list"   -mcpu=cortex-m3 -T"C:\Users\PanTalir\Documents\GitHub\Programming\STM32Cube\05_SysTick_Timer\STM32F103RBTX_FLASH.ld" --specs=nosys.specs -Wl,-Map="05_SysTick_Timer.map" -Wl,--gc-sections -static --specs=nano.specs -mfloat-abi=soft -mthumb -Wl,--start-group -lc -lm -lstdc++ -lsupc++ -Wl,--end-group
Finished building target: 05_SysTick_Timer.elf
 
arm-none-eabi-size  05_SysTick_Timer.elf 
arm-none-eabi-objdump -h -S 05_SysTick_Timer.elf  > "05_SysTick_Timer.list"
   text	   data	    bss	    dec	    hex	filename
   4996	     12	   1572	   6580	   19b4	05_SysTick_Timer.elf
Finished building: default.size.stdout
 
Finished building: 05_SysTick_Timer.list
 
17:41:54 **** Incremental Build of configuration Debug for project 05_SysTick_Timer ****
make -j4 all 
arm-none-eabi-size  05_SysTick_Timer.elf 
   text	   data	    bss	    dec	    hex	filename
   4996	     12	   1572	   6580	   19b4	05_SysTick_Timer.elf
Finished building: default.size.stdout
 
17:42:47 **** Incremental Build of configuration Debug for project 05_SysTick_Timer ****
make -j4 all 
arm-none-eabi-size  05_SysTick_Timer.elf 
   text	   data	    bss	    dec	    hex	filename
   4996	     12	   1572	   6580	   19b4	05_SysTick_Timer.elf
Finished building: default.size.stdout
 
17:44:09 **** Incremental Build of configuration Debug for project 05_SysTick_Timer ****
make -j4 all 
arm-none-eabi-gcc "../Core/Src/main.c" -mcpu=cortex-m3 -std=gnu11 -g3 -DDEBUG -DUSE_HAL_DRIVER -DSTM32F103xB -c -I../Core/Inc -I../Drivers/STM32F1xx_HAL_Driver/Inc -I../Drivers/STM32F1xx_HAL_Driver/Inc/Legacy -I../Drivers/CMSIS/Device/ST/STM32F1xx/Include -I../Drivers/CMSIS/Include -O0 -ffunction-sections -fdata-sections -Wall -fstack-usage -fcyclomatic-complexity -MMD -MP -MF"Core/Src/main.d" -MT"Core/Src/main.o" --specs=nano.specs -mfloat-abi=soft -mthumb -o "Core/Src/main.o"
arm-none-eabi-g++ -o "05_SysTick_Timer.elf" @"objects.list"   -mcpu=cortex-m3 -T"C:\Users\PanTalir\Documents\GitHub\Programming\STM32Cube\05_SysTick_Timer\STM32F103RBTX_FLASH.ld" --specs=nosys.specs -Wl,-Map="05_SysTick_Timer.map" -Wl,--gc-sections -static --specs=nano.specs -mfloat-abi=soft -mthumb -Wl,--start-group -lc -lm -lstdc++ -lsupc++ -Wl,--end-group
Finished building target: 05_SysTick_Timer.elf
 
arm-none-eabi-size  05_SysTick_Timer.elf 
arm-none-eabi-objdump -h -S 05_SysTick_Timer.elf  > "05_SysTick_Timer.list"
   text	   data	    bss	    dec	    hex	filename
   5000	     12	   1572	   6584	   19b8	05_SysTick_Timer.elf
Finished building: default.size.stdout
 
Finished building: 05_SysTick_Timer.list
 
17:45:17 **** Incremental Build of configuration Debug for project 05_SysTick_Timer ****
make -j4 all 
arm-none-eabi-size  05_SysTick_Timer.elf 
   text	   data	    bss	    dec	    hex	filename
   5000	     12	   1572	   6584	   19b8	05_SysTick_Timer.elf
Finished building: default.size.stdout
 
17:49:46 **** Incremental Build of configuration Debug for project 05_SysTick_Timer ****
make -j4 all 
arm-none-eabi-gcc "../Core/Src/main.c" -mcpu=cortex-m3 -std=gnu11 -g3 -DDEBUG -DUSE_HAL_DRIVER -DSTM32F103xB -c -I../Core/Inc -I../Drivers/STM32F1xx_HAL_Driver/Inc -I../Drivers/STM32F1xx_HAL_Driver/Inc/Legacy -I../Drivers/CMSIS/Device/ST/STM32F1xx/Include -I../Drivers/CMSIS/Include -O0 -ffunction-sections -fdata-sections -Wall -fstack-usage -fcyclomatic-complexity -MMD -MP -MF"Core/Src/main.d" -MT"Core/Src/main.o" --specs=nano.specs -mfloat-abi=soft -mthumb -o "Core/Src/main.o"
arm-none-eabi-g++ -o "05_SysTick_Timer.elf" @"objects.list"   -mcpu=cortex-m3 -T"C:\Users\PanTalir\Documents\GitHub\Programming\STM32Cube\05_SysTick_Timer\STM32F103RBTX_FLASH.ld" --specs=nosys.specs -Wl,-Map="05_SysTick_Timer.map" -Wl,--gc-sections -static --specs=nano.specs -mfloat-abi=soft -mthumb -Wl,--start-group -lc -lm -lstdc++ -lsupc++ -Wl,--end-group
Finished building target: 05_SysTick_Timer.elf
 
arm-none-eabi-size  05_SysTick_Timer.elf 
arm-none-eabi-objdump -h -S 05_SysTick_Timer.elf  > "05_SysTick_Timer.list"
   text	   data	    bss	    dec	    hex	filename
   5000	     12	   1572	   6584	   19b8	05_SysTick_Timer.elf
Finished building: default.size.stdout
 
Finished building: 05_SysTick_Timer.list
 
17:50:50 **** Incremental Build of configuration Debug for project 05_SysTick_Timer ****
make -j4 all 
arm-none-eabi-size  05_SysTick_Timer.elf 
   text	   data	    bss	    dec	    hex	filename
   5000	     12	   1572	   6584	   19b8	05_SysTick_Timer.elf
Finished building: default.size.stdout
 
17:51:34 **** Incremental Build of configuration Debug for project 05_SysTick_Timer ****
make -j4 all 
arm-none-eabi-size  05_SysTick_Timer.elf 
   text	   data	    bss	    dec	    hex	filename
   5000	     12	   1572	   6584	   19b8	05_SysTick_Timer.elf
Finished building: default.size.stdout
 
17:53:28 **** Incremental Build of configuration Debug for project 05_SysTick_Timer ****
make -j4 all 
arm-none-eabi-size  05_SysTick_Timer.elf 
   text	   data	    bss	    dec	    hex	filename
   5000	     12	   1572	   6584	   19b8	05_SysTick_Timer.elf
Finished building: default.size.stdout
 
17:54:11 **** Incremental Build of configuration Debug for project 05_SysTick_Timer ****
make -j4 all 
arm-none-eabi-size  05_SysTick_Timer.elf 
   text	   data	    bss	    dec	    hex	filename
   5000	     12	   1572	   6584	   19b8	05_SysTick_Timer.elf
Finished building: default.size.stdout
 
17:55:01 **** Incremental Build of configuration Debug for project 05_SysTick_Timer ****
make -j4 all 
arm-none-eabi-size  05_SysTick_Timer.elf 
   text	   data	    bss	    dec	    hex	filename
   5000	     12	   1572	   6584	   19b8	05_SysTick_Timer.elf
Finished building: default.size.stdout
 
17:55:49 **** Incremental Build of configuration Debug for project 05_SysTick_Timer ****
make -j4 all 
arm-none-eabi-size  05_SysTick_Timer.elf 
   text	   data	    bss	    dec	    hex	filename
   5000	     12	   1572	   6584	   19b8	05_SysTick_Timer.elf
Finished building: default.size.stdout
 
17:58:26 **** Incremental Build of configuration Debug for project 05_SysTick_Timer ****
make -j4 all 
arm-none-eabi-size  05_SysTick_Timer.elf 
   text	   data	    bss	    dec	    hex	filename
   5000	     12	   1572	   6584	   19b8	05_SysTick_Timer.elf
Finished building: default.size.stdout
 
17:59:20 **** Incremental Build of configuration Debug for project 05_SysTick_Timer ****
make -j4 all 
arm-none-eabi-size  05_SysTick_Timer.elf 
   text	   data	    bss	    dec	    hex	filename
   5000	     12	   1572	   6584	   19b8	05_SysTick_Timer.elf
Finished building: default.size.stdout
 
17:59:48 **** Incremental Build of configuration Debug for project 05_SysTick_Timer ****
make -j4 all 
arm-none-eabi-size  05_SysTick_Timer.elf 
   text	   data	    bss	    dec	    hex	filename
   5000	     12	   1572	   6584	   19b8	05_SysTick_Timer.elf
Finished building: default.size.stdout
 
18:00:23 **** Incremental Build of configuration Debug for project 05_SysTick_Timer ****
make -j4 all 
arm-none-eabi-gcc "../Core/Src/main.c" -mcpu=cortex-m3 -std=gnu11 -g3 -DDEBUG -DUSE_HAL_DRIVER -DSTM32F103xB -c -I../Core/Inc -I../Drivers/STM32F1xx_HAL_Driver/Inc -I../Drivers/STM32F1xx_HAL_Driver/Inc/Legacy -I../Drivers/CMSIS/Device/ST/STM32F1xx/Include -I../Drivers/CMSIS/Include -O0 -ffunction-sections -fdata-sections -Wall -fstack-usage -fcyclomatic-complexity -MMD -MP -MF"Core/Src/main.d" -MT"Core/Src/main.o" --specs=nano.specs -mfloat-abi=soft -mthumb -o "Core/Src/main.o"
arm-none-eabi-g++ -o "05_SysTick_Timer.elf" @"objects.list"   -mcpu=cortex-m3 -T"C:\Users\PanTalir\Documents\GitHub\Programming\STM32Cube\05_SysTick_Timer\STM32F103RBTX_FLASH.ld" --specs=nosys.specs -Wl,-Map="05_SysTick_Timer.map" -Wl,--gc-sections -static --specs=nano.specs -mfloat-abi=soft -mthumb -Wl,--start-group -lc -lm -lstdc++ -lsupc++ -Wl,--end-group
Finished building target: 05_SysTick_Timer.elf
 
arm-none-eabi-size  05_SysTick_Timer.elf 
arm-none-eabi-objdump -h -S 05_SysTick_Timer.elf  > "05_SysTick_Timer.list"
   text	   data	    bss	    dec	    hex	filename
   4996	     12	   1572	   6580	   19b4	05_SysTick_Timer.elf
Finished building: default.size.stdout
 
Finished building: 05_SysTick_Timer.list
 
18:02:44 **** Incremental Build of configuration Debug for project 05_SysTick_Timer ****
make -j4 all 
arm-none-eabi-gcc "../Core/Src/main.c" -mcpu=cortex-m3 -std=gnu11 -g3 -DDEBUG -DUSE_HAL_DRIVER -DSTM32F103xB -c -I../Core/Inc -I../Drivers/STM32F1xx_HAL_Driver/Inc -I../Drivers/STM32F1xx_HAL_Driver/Inc/Legacy -I../Drivers/CMSIS/Device/ST/STM32F1xx/Include -I../Drivers/CMSIS/Include -O0 -ffunction-sections -fdata-sections -Wall -fstack-usage -fcyclomatic-complexity -MMD -MP -MF"Core/Src/main.d" -MT"Core/Src/main.o" --specs=nano.specs -mfloat-abi=soft -mthumb -o "Core/Src/main.o"
arm-none-eabi-g++ -o "05_SysTick_Timer.elf" @"objects.list"   -mcpu=cortex-m3 -T"C:\Users\PanTalir\Documents\GitHub\Programming\STM32Cube\05_SysTick_Timer\STM32F103RBTX_FLASH.ld" --specs=nosys.specs -Wl,-Map="05_SysTick_Timer.map" -Wl,--gc-sections -static --specs=nano.specs -mfloat-abi=soft -mthumb -Wl,--start-group -lc -lm -lstdc++ -lsupc++ -Wl,--end-group
Finished building target: 05_SysTick_Timer.elf
 
arm-none-eabi-size  05_SysTick_Timer.elf 
arm-none-eabi-objdump -h -S 05_SysTick_Timer.elf  > "05_SysTick_Timer.list"
   text	   data	    bss	    dec	    hex	filename
   4960	     12	   1572	   6544	   1990	05_SysTick_Timer.elf
Finished building: default.size.stdout
 
Finished building: 05_SysTick_Timer.list
 
18:06:18 **** Incremental Build of configuration Debug for project 05_SysTick_Timer ****
make -j4 all 
arm-none-eabi-gcc "../Core/Src/main.c" -mcpu=cortex-m3 -std=gnu11 -g3 -DDEBUG -DUSE_HAL_DRIVER -DSTM32F103xB -c -I../Core/Inc -I../Drivers/STM32F1xx_HAL_Driver/Inc -I../Drivers/STM32F1xx_HAL_Driver/Inc/Legacy -I../Drivers/CMSIS/Device/ST/STM32F1xx/Include -I../Drivers/CMSIS/Include -O0 -ffunction-sections -fdata-sections -Wall -fstack-usage -fcyclomatic-complexity -MMD -MP -MF"Core/Src/main.d" -MT"Core/Src/main.o" --specs=nano.specs -mfloat-abi=soft -mthumb -o "Core/Src/main.o"
arm-none-eabi-g++ -o "05_SysTick_Timer.elf" @"objects.list"   -mcpu=cortex-m3 -T"C:\Users\PanTalir\Documents\GitHub\Programming\STM32Cube\05_SysTick_Timer\STM32F103RBTX_FLASH.ld" --specs=nosys.specs -Wl,-Map="05_SysTick_Timer.map" -Wl,--gc-sections -static --specs=nano.specs -mfloat-abi=soft -mthumb -Wl,--start-group -lc -lm -lstdc++ -lsupc++ -Wl,--end-group
Finished building target: 05_SysTick_Timer.elf
 
arm-none-eabi-size  05_SysTick_Timer.elf 
arm-none-eabi-objdump -h -S 05_SysTick_Timer.elf  > "05_SysTick_Timer.list"
   text	   data	    bss	    dec	    hex	filename
   4956	     12	   1572	   6540	   198c	05_SysTick_Timer.elf
Finished building: default.size.stdout
 
Finished building: 05_SysTick_Timer.list
 
18:06:58 **** Incremental Build of configuration Debug for project 05_SysTick_Timer ****
make -j4 all 
arm-none-eabi-size  05_SysTick_Timer.elf 
   text	   data	    bss	    dec	    hex	filename
   4956	     12	   1572	   6540	   198c	05_SysTick_Timer.elf
Finished building: default.size.stdout
 
18:09:21 **** Incremental Build of configuration Debug for project 05_SysTick_Timer ****
make -j4 all 
arm-none-eabi-gcc "../Core/Src/main.c" -mcpu=cortex-m3 -std=gnu11 -g3 -DDEBUG -DUSE_HAL_DRIVER -DSTM32F103xB -c -I../Core/Inc -I../Drivers/STM32F1xx_HAL_Driver/Inc -I../Drivers/STM32F1xx_HAL_Driver/Inc/Legacy -I../Drivers/CMSIS/Device/ST/STM32F1xx/Include -I../Drivers/CMSIS/Include -O0 -ffunction-sections -fdata-sections -Wall -fstack-usage -fcyclomatic-complexity -MMD -MP -MF"Core/Src/main.d" -MT"Core/Src/main.o" --specs=nano.specs -mfloat-abi=soft -mthumb -o "Core/Src/main.o"
arm-none-eabi-g++ -o "05_SysTick_Timer.elf" @"objects.list"   -mcpu=cortex-m3 -T"C:\Users\PanTalir\Documents\GitHub\Programming\STM32Cube\05_SysTick_Timer\STM32F103RBTX_FLASH.ld" --specs=nosys.specs -Wl,-Map="05_SysTick_Timer.map" -Wl,--gc-sections -static --specs=nano.specs -mfloat-abi=soft -mthumb -Wl,--start-group -lc -lm -lstdc++ -lsupc++ -Wl,--end-group
Finished building target: 05_SysTick_Timer.elf
 
arm-none-eabi-size  05_SysTick_Timer.elf 
arm-none-eabi-objdump -h -S 05_SysTick_Timer.elf  > "05_SysTick_Timer.list"
   text	   data	    bss	    dec	    hex	filename
   4956	     12	   1572	   6540	   198c	05_SysTick_Timer.elf
Finished building: default.size.stdout
 
Finished building: 05_SysTick_Timer.list
 
18:40:04 **** Build of configuration Debug for project 05_SysTick_Timer ****
make -j4 all 
arm-none-eabi-gcc "../Core/Src/main.c" -mcpu=cortex-m3 -std=gnu11 -g3 -DDEBUG -DUSE_HAL_DRIVER -DSTM32F103xB -c -I../Core/Inc -I../Drivers/STM32F1xx_HAL_Driver/Inc -I../Drivers/STM32F1xx_HAL_Driver/Inc/Legacy -I../Drivers/CMSIS/Device/ST/STM32F1xx/Include -I../Drivers/CMSIS/Include -O0 -ffunction-sections -fdata-sections -Wall -fstack-usage -fcyclomatic-complexity -MMD -MP -MF"Core/Src/main.d" -MT"Core/Src/main.o" --specs=nano.specs -mfloat-abi=soft -mthumb -o "Core/Src/main.o"
../Core/Src/main.c: In function 'main':
../Core/Src/main.c:81:11: warning: implicit declaration of function 'printf' [-Wimplicit-function-declaration]
   81 |           printf("Hello World!!\n");
      |           ^~~~~~
../Core/Src/main.c:8:1: note: include '<stdio.h>' or provide a declaration of 'printf'
    7 | #include "main.h"
  +++ |+#include <stdio.h>
    8 | 
../Core/Src/main.c:81:11: warning: incompatible implicit declaration of built-in function 'printf' [-Wbuiltin-declaration-mismatch]
   81 |           printf("Hello World!!\n");
      |           ^~~~~~
../Core/Src/main.c:81:11: note: include '<stdio.h>' or provide a declaration of 'printf'
arm-none-eabi-g++ -o "05_SysTick_Timer.elf" @"objects.list"   -mcpu=cortex-m3 -T"C:\Users\PanTalir\Documents\GitHub\Programming\STM32Cube\05_SysTick_Timer\STM32F103RBTX_FLASH.ld" --specs=nosys.specs -Wl,-Map="05_SysTick_Timer.map" -Wl,--gc-sections -static --specs=nano.specs -mfloat-abi=soft -mthumb -Wl,--start-group -lc -lm -lstdc++ -lsupc++ -Wl,--end-group
Finished building target: 05_SysTick_Timer.elf
 
arm-none-eabi-size  05_SysTick_Timer.elf 
arm-none-eabi-objdump -h -S 05_SysTick_Timer.elf  > "05_SysTick_Timer.list"
   text	   data	    bss	    dec	    hex	filename
   7712	    104	   1912	   9728	   2600	05_SysTick_Timer.elf
Finished building: default.size.stdout
 
Finished building: 05_SysTick_Timer.list
 
18:44:58 **** Incremental Build of configuration Debug for project 05_SysTick_Timer ****
make -j4 all 
arm-none-eabi-gcc "../Core/Src/main.c" -mcpu=cortex-m3 -std=gnu11 -g3 -DDEBUG -DUSE_HAL_DRIVER -DSTM32F103xB -c -I../Core/Inc -I../Drivers/STM32F1xx_HAL_Driver/Inc -I../Drivers/STM32F1xx_HAL_Driver/Inc/Legacy -I../Drivers/CMSIS/Device/ST/STM32F1xx/Include -I../Drivers/CMSIS/Include -O0 -ffunction-sections -fdata-sections -Wall -fstack-usage -fcyclomatic-complexity -MMD -MP -MF"Core/Src/main.d" -MT"Core/Src/main.o" --specs=nano.specs -mfloat-abi=soft -mthumb -o "Core/Src/main.o"
../Core/Src/main.c: In function 'main':
../Core/Src/main.c:85:11: warning: implicit declaration of function 'printf' [-Wimplicit-function-declaration]
   85 |           printf("Hello World!!\n");
      |           ^~~~~~
../Core/Src/main.c:8:1: note: include '<stdio.h>' or provide a declaration of 'printf'
    7 | #include "main.h"
  +++ |+#include <stdio.h>
    8 | 
../Core/Src/main.c:85:11: warning: incompatible implicit declaration of built-in function 'printf' [-Wbuiltin-declaration-mismatch]
   85 |           printf("Hello World!!\n");
      |           ^~~~~~
../Core/Src/main.c:85:11: note: include '<stdio.h>' or provide a declaration of 'printf'
../Core/Src/main.c:75:8: warning: unused variable 'MSG' [-Wunused-variable]
   75 |   char MSG[] = "What's UP ?!";
      |        ^~~
arm-none-eabi-g++ -o "05_SysTick_Timer.elf" @"objects.list"   -mcpu=cortex-m3 -T"C:\Users\PanTalir\Documents\GitHub\Programming\STM32Cube\05_SysTick_Timer\STM32F103RBTX_FLASH.ld" --specs=nosys.specs -Wl,-Map="05_SysTick_Timer.map" -Wl,--gc-sections -static --specs=nano.specs -mfloat-abi=soft -mthumb -Wl,--start-group -lc -lm -lstdc++ -lsupc++ -Wl,--end-group
Finished building target: 05_SysTick_Timer.elf
 
arm-none-eabi-size  05_SysTick_Timer.elf 
arm-none-eabi-objdump -h -S 05_SysTick_Timer.elf  > "05_SysTick_Timer.list"
   text	   data	    bss	    dec	    hex	filename
   7752	    104	   1912	   9768	   2628	05_SysTick_Timer.elf
Finished building: default.size.stdout
 
Finished building: 05_SysTick_Timer.list
 
18:53:29 **** Build of configuration Debug for project 06_Debugging_with_PrintF ****
make -j4 all 
arm-none-eabi-gcc "../Drivers/STM32F1xx_HAL_Driver/Src/stm32f1xx_hal.c" -mcpu=cortex-m3 -std=gnu11 -g3 -DDEBUG -DUSE_HAL_DRIVER -DSTM32F103xB -c -I../Core/Inc -I../Drivers/STM32F1xx_HAL_Driver/Inc -I../Drivers/STM32F1xx_HAL_Driver/Inc/Legacy -I../Drivers/CMSIS/Device/ST/STM32F1xx/Include -I../Drivers/CMSIS/Include -O0 -ffunction-sections -fdata-sections -Wall -fstack-usage -fcyclomatic-complexity -MMD -MP -MF"Drivers/STM32F1xx_HAL_Driver/Src/stm32f1xx_hal.d" -MT"Drivers/STM32F1xx_HAL_Driver/Src/stm32f1xx_hal.o" --specs=nano.specs -mfloat-abi=soft -mthumb -o "Drivers/STM32F1xx_HAL_Driver/Src/stm32f1xx_hal.o"
arm-none-eabi-gcc "../Drivers/STM32F1xx_HAL_Driver/Src/stm32f1xx_hal_cortex.c" -mcpu=cortex-m3 -std=gnu11 -g3 -DDEBUG -DUSE_HAL_DRIVER -DSTM32F103xB -c -I../Core/Inc -I../Drivers/STM32F1xx_HAL_Driver/Inc -I../Drivers/STM32F1xx_HAL_Driver/Inc/Legacy -I../Drivers/CMSIS/Device/ST/STM32F1xx/Include -I../Drivers/CMSIS/Include -O0 -ffunction-sections -fdata-sections -Wall -fstack-usage -fcyclomatic-complexity -MMD -MP -MF"Drivers/STM32F1xx_HAL_Driver/Src/stm32f1xx_hal_cortex.d" -MT"Drivers/STM32F1xx_HAL_Driver/Src/stm32f1xx_hal_cortex.o" --specs=nano.specs -mfloat-abi=soft -mthumb -o "Drivers/STM32F1xx_HAL_Driver/Src/stm32f1xx_hal_cortex.o"
arm-none-eabi-gcc "../Drivers/STM32F1xx_HAL_Driver/Src/stm32f1xx_hal_dma.c" -mcpu=cortex-m3 -std=gnu11 -g3 -DDEBUG -DUSE_HAL_DRIVER -DSTM32F103xB -c -I../Core/Inc -I../Drivers/STM32F1xx_HAL_Driver/Inc -I../Drivers/STM32F1xx_HAL_Driver/Inc/Legacy -I../Drivers/CMSIS/Device/ST/STM32F1xx/Include -I../Drivers/CMSIS/Include -O0 -ffunction-sections -fdata-sections -Wall -fstack-usage -fcyclomatic-complexity -MMD -MP -MF"Drivers/STM32F1xx_HAL_Driver/Src/stm32f1xx_hal_dma.d" -MT"Drivers/STM32F1xx_HAL_Driver/Src/stm32f1xx_hal_dma.o" --specs=nano.specs -mfloat-abi=soft -mthumb -o "Drivers/STM32F1xx_HAL_Driver/Src/stm32f1xx_hal_dma.o"
arm-none-eabi-gcc "../Drivers/STM32F1xx_HAL_Driver/Src/stm32f1xx_hal_exti.c" -mcpu=cortex-m3 -std=gnu11 -g3 -DDEBUG -DUSE_HAL_DRIVER -DSTM32F103xB -c -I../Core/Inc -I../Drivers/STM32F1xx_HAL_Driver/Inc -I../Drivers/STM32F1xx_HAL_Driver/Inc/Legacy -I../Drivers/CMSIS/Device/ST/STM32F1xx/Include -I../Drivers/CMSIS/Include -O0 -ffunction-sections -fdata-sections -Wall -fstack-usage -fcyclomatic-complexity -MMD -MP -MF"Drivers/STM32F1xx_HAL_Driver/Src/stm32f1xx_hal_exti.d" -MT"Drivers/STM32F1xx_HAL_Driver/Src/stm32f1xx_hal_exti.o" --specs=nano.specs -mfloat-abi=soft -mthumb -o "Drivers/STM32F1xx_HAL_Driver/Src/stm32f1xx_hal_exti.o"
arm-none-eabi-gcc "../Drivers/STM32F1xx_HAL_Driver/Src/stm32f1xx_hal_flash.c" -mcpu=cortex-m3 -std=gnu11 -g3 -DDEBUG -DUSE_HAL_DRIVER -DSTM32F103xB -c -I../Core/Inc -I../Drivers/STM32F1xx_HAL_Driver/Inc -I../Drivers/STM32F1xx_HAL_Driver/Inc/Legacy -I../Drivers/CMSIS/Device/ST/STM32F1xx/Include -I../Drivers/CMSIS/Include -O0 -ffunction-sections -fdata-sections -Wall -fstack-usage -fcyclomatic-complexity -MMD -MP -MF"Drivers/STM32F1xx_HAL_Driver/Src/stm32f1xx_hal_flash.d" -MT"Drivers/STM32F1xx_HAL_Driver/Src/stm32f1xx_hal_flash.o" --specs=nano.specs -mfloat-abi=soft -mthumb -o "Drivers/STM32F1xx_HAL_Driver/Src/stm32f1xx_hal_flash.o"
arm-none-eabi-gcc "../Drivers/STM32F1xx_HAL_Driver/Src/stm32f1xx_hal_flash_ex.c" -mcpu=cortex-m3 -std=gnu11 -g3 -DDEBUG -DUSE_HAL_DRIVER -DSTM32F103xB -c -I../Core/Inc -I../Drivers/STM32F1xx_HAL_Driver/Inc -I../Drivers/STM32F1xx_HAL_Driver/Inc/Legacy -I../Drivers/CMSIS/Device/ST/STM32F1xx/Include -I../Drivers/CMSIS/Include -O0 -ffunction-sections -fdata-sections -Wall -fstack-usage -fcyclomatic-complexity -MMD -MP -MF"Drivers/STM32F1xx_HAL_Driver/Src/stm32f1xx_hal_flash_ex.d" -MT"Drivers/STM32F1xx_HAL_Driver/Src/stm32f1xx_hal_flash_ex.o" --specs=nano.specs -mfloat-abi=soft -mthumb -o "Drivers/STM32F1xx_HAL_Driver/Src/stm32f1xx_hal_flash_ex.o"
arm-none-eabi-gcc "../Drivers/STM32F1xx_HAL_Driver/Src/stm32f1xx_hal_gpio.c" -mcpu=cortex-m3 -std=gnu11 -g3 -DDEBUG -DUSE_HAL_DRIVER -DSTM32F103xB -c -I../Core/Inc -I../Drivers/STM32F1xx_HAL_Driver/Inc -I../Drivers/STM32F1xx_HAL_Driver/Inc/Legacy -I../Drivers/CMSIS/Device/ST/STM32F1xx/Include -I../Drivers/CMSIS/Include -O0 -ffunction-sections -fdata-sections -Wall -fstack-usage -fcyclomatic-complexity -MMD -MP -MF"Drivers/STM32F1xx_HAL_Driver/Src/stm32f1xx_hal_gpio.d" -MT"Drivers/STM32F1xx_HAL_Driver/Src/stm32f1xx_hal_gpio.o" --specs=nano.specs -mfloat-abi=soft -mthumb -o "Drivers/STM32F1xx_HAL_Driver/Src/stm32f1xx_hal_gpio.o"
arm-none-eabi-gcc "../Drivers/STM32F1xx_HAL_Driver/Src/stm32f1xx_hal_gpio_ex.c" -mcpu=cortex-m3 -std=gnu11 -g3 -DDEBUG -DUSE_HAL_DRIVER -DSTM32F103xB -c -I../Core/Inc -I../Drivers/STM32F1xx_HAL_Driver/Inc -I../Drivers/STM32F1xx_HAL_Driver/Inc/Legacy -I../Drivers/CMSIS/Device/ST/STM32F1xx/Include -I../Drivers/CMSIS/Include -O0 -ffunction-sections -fdata-sections -Wall -fstack-usage -fcyclomatic-complexity -MMD -MP -MF"Drivers/STM32F1xx_HAL_Driver/Src/stm32f1xx_hal_gpio_ex.d" -MT"Drivers/STM32F1xx_HAL_Driver/Src/stm32f1xx_hal_gpio_ex.o" --specs=nano.specs -mfloat-abi=soft -mthumb -o "Drivers/STM32F1xx_HAL_Driver/Src/stm32f1xx_hal_gpio_ex.o"
arm-none-eabi-gcc "../Drivers/STM32F1xx_HAL_Driver/Src/stm32f1xx_hal_pwr.c" -mcpu=cortex-m3 -std=gnu11 -g3 -DDEBUG -DUSE_HAL_DRIVER -DSTM32F103xB -c -I../Core/Inc -I../Drivers/STM32F1xx_HAL_Driver/Inc -I../Drivers/STM32F1xx_HAL_Driver/Inc/Legacy -I../Drivers/CMSIS/Device/ST/STM32F1xx/Include -I../Drivers/CMSIS/Include -O0 -ffunction-sections -fdata-sections -Wall -fstack-usage -fcyclomatic-complexity -MMD -MP -MF"Drivers/STM32F1xx_HAL_Driver/Src/stm32f1xx_hal_pwr.d" -MT"Drivers/STM32F1xx_HAL_Driver/Src/stm32f1xx_hal_pwr.o" --specs=nano.specs -mfloat-abi=soft -mthumb -o "Drivers/STM32F1xx_HAL_Driver/Src/stm32f1xx_hal_pwr.o"
arm-none-eabi-gcc "../Drivers/STM32F1xx_HAL_Driver/Src/stm32f1xx_hal_rcc.c" -mcpu=cortex-m3 -std=gnu11 -g3 -DDEBUG -DUSE_HAL_DRIVER -DSTM32F103xB -c -I../Core/Inc -I../Drivers/STM32F1xx_HAL_Driver/Inc -I../Drivers/STM32F1xx_HAL_Driver/Inc/Legacy -I../Drivers/CMSIS/Device/ST/STM32F1xx/Include -I../Drivers/CMSIS/Include -O0 -ffunction-sections -fdata-sections -Wall -fstack-usage -fcyclomatic-complexity -MMD -MP -MF"Drivers/STM32F1xx_HAL_Driver/Src/stm32f1xx_hal_rcc.d" -MT"Drivers/STM32F1xx_HAL_Driver/Src/stm32f1xx_hal_rcc.o" --specs=nano.specs -mfloat-abi=soft -mthumb -o "Drivers/STM32F1xx_HAL_Driver/Src/stm32f1xx_hal_rcc.o"
arm-none-eabi-gcc "../Drivers/STM32F1xx_HAL_Driver/Src/stm32f1xx_hal_rcc_ex.c" -mcpu=cortex-m3 -std=gnu11 -g3 -DDEBUG -DUSE_HAL_DRIVER -DSTM32F103xB -c -I../Core/Inc -I../Drivers/STM32F1xx_HAL_Driver/Inc -I../Drivers/STM32F1xx_HAL_Driver/Inc/Legacy -I../Drivers/CMSIS/Device/ST/STM32F1xx/Include -I../Drivers/CMSIS/Include -O0 -ffunction-sections -fdata-sections -Wall -fstack-usage -fcyclomatic-complexity -MMD -MP -MF"Drivers/STM32F1xx_HAL_Driver/Src/stm32f1xx_hal_rcc_ex.d" -MT"Drivers/STM32F1xx_HAL_Driver/Src/stm32f1xx_hal_rcc_ex.o" --specs=nano.specs -mfloat-abi=soft -mthumb -o "Drivers/STM32F1xx_HAL_Driver/Src/stm32f1xx_hal_rcc_ex.o"
arm-none-eabi-gcc -mcpu=cortex-m3 -g3 -DDEBUG -c -x assembler-with-cpp -MMD -MP -MF"Core/Startup/startup_stm32f103rbtx.d" -MT"Core/Startup/startup_stm32f103rbtx.o" --specs=nano.specs -mfloat-abi=soft -mthumb -o "Core/Startup/startup_stm32f103rbtx.o" "../Core/Startup/startup_stm32f103rbtx.s"
arm-none-eabi-gcc "../Core/Src/main.c" -mcpu=cortex-m3 -std=gnu11 -g3 -DDEBUG -DUSE_HAL_DRIVER -DSTM32F103xB -c -I../Core/Inc -I../Drivers/STM32F1xx_HAL_Driver/Inc -I../Drivers/STM32F1xx_HAL_Driver/Inc/Legacy -I../Drivers/CMSIS/Device/ST/STM32F1xx/Include -I../Drivers/CMSIS/Include -O0 -ffunction-sections -fdata-sections -Wall -fstack-usage -fcyclomatic-complexity -MMD -MP -MF"Core/Src/main.d" -MT"Core/Src/main.o" --specs=nano.specs -mfloat-abi=soft -mthumb -o "Core/Src/main.o"
arm-none-eabi-gcc "../Core/Src/stm32f1xx_hal_msp.c" -mcpu=cortex-m3 -std=gnu11 -g3 -DDEBUG -DUSE_HAL_DRIVER -DSTM32F103xB -c -I../Core/Inc -I../Drivers/STM32F1xx_HAL_Driver/Inc -I../Drivers/STM32F1xx_HAL_Driver/Inc/Legacy -I../Drivers/CMSIS/Device/ST/STM32F1xx/Include -I../Drivers/CMSIS/Include -O0 -ffunction-sections -fdata-sections -Wall -fstack-usage -fcyclomatic-complexity -MMD -MP -MF"Core/Src/stm32f1xx_hal_msp.d" -MT"Core/Src/stm32f1xx_hal_msp.o" --specs=nano.specs -mfloat-abi=soft -mthumb -o "Core/Src/stm32f1xx_hal_msp.o"
arm-none-eabi-gcc "../Core/Src/stm32f1xx_it.c" -mcpu=cortex-m3 -std=gnu11 -g3 -DDEBUG -DUSE_HAL_DRIVER -DSTM32F103xB -c -I../Core/Inc -I../Drivers/STM32F1xx_HAL_Driver/Inc -I../Drivers/STM32F1xx_HAL_Driver/Inc/Legacy -I../Drivers/CMSIS/Device/ST/STM32F1xx/Include -I../Drivers/CMSIS/Include -O0 -ffunction-sections -fdata-sections -Wall -fstack-usage -fcyclomatic-complexity -MMD -MP -MF"Core/Src/stm32f1xx_it.d" -MT"Core/Src/stm32f1xx_it.o" --specs=nano.specs -mfloat-abi=soft -mthumb -o "Core/Src/stm32f1xx_it.o"
../Core/Src/main.c: In function 'main':
../Core/Src/main.c:42:17: warning: implicit declaration of function 'printf' [-Wimplicit-function-declaration]
   42 |                 printf("Hello World!");
      |                 ^~~~~~
../Core/Src/main.c:7:1: note: include '<stdio.h>' or provide a declaration of 'printf'
    6 | #include "main.h"
  +++ |+#include <stdio.h>
    7 | 
../Core/Src/main.c:42:17: warning: incompatible implicit declaration of built-in function 'printf' [-Wbuiltin-declaration-mismatch]
   42 |                 printf("Hello World!");
      |                 ^~~~~~
../Core/Src/main.c:42:17: note: include '<stdio.h>' or provide a declaration of 'printf'
arm-none-eabi-gcc "../Core/Src/syscalls.c" -mcpu=cortex-m3 -std=gnu11 -g3 -DDEBUG -DUSE_HAL_DRIVER -DSTM32F103xB -c -I../Core/Inc -I../Drivers/STM32F1xx_HAL_Driver/Inc -I../Drivers/STM32F1xx_HAL_Driver/Inc/Legacy -I../Drivers/CMSIS/Device/ST/STM32F1xx/Include -I../Drivers/CMSIS/Include -O0 -ffunction-sections -fdata-sections -Wall -fstack-usage -fcyclomatic-complexity -MMD -MP -MF"Core/Src/syscalls.d" -MT"Core/Src/syscalls.o" --specs=nano.specs -mfloat-abi=soft -mthumb -o "Core/Src/syscalls.o"
arm-none-eabi-gcc "../Core/Src/sysmem.c" -mcpu=cortex-m3 -std=gnu11 -g3 -DDEBUG -DUSE_HAL_DRIVER -DSTM32F103xB -c -I../Core/Inc -I../Drivers/STM32F1xx_HAL_Driver/Inc -I../Drivers/STM32F1xx_HAL_Driver/Inc/Legacy -I../Drivers/CMSIS/Device/ST/STM32F1xx/Include -I../Drivers/CMSIS/Include -O0 -ffunction-sections -fdata-sections -Wall -fstack-usage -fcyclomatic-complexity -MMD -MP -MF"Core/Src/sysmem.d" -MT"Core/Src/sysmem.o" --specs=nano.specs -mfloat-abi=soft -mthumb -o "Core/Src/sysmem.o"
arm-none-eabi-gcc "../Core/Src/system_stm32f1xx.c" -mcpu=cortex-m3 -std=gnu11 -g3 -DDEBUG -DUSE_HAL_DRIVER -DSTM32F103xB -c -I../Core/Inc -I../Drivers/STM32F1xx_HAL_Driver/Inc -I../Drivers/STM32F1xx_HAL_Driver/Inc/Legacy -I../Drivers/CMSIS/Device/ST/STM32F1xx/Include -I../Drivers/CMSIS/Include -O0 -ffunction-sections -fdata-sections -Wall -fstack-usage -fcyclomatic-complexity -MMD -MP -MF"Core/Src/system_stm32f1xx.d" -MT"Core/Src/system_stm32f1xx.o" --specs=nano.specs -mfloat-abi=soft -mthumb -o "Core/Src/system_stm32f1xx.o"
arm-none-eabi-g++ -o "06_Debugging_with_PrintF.elf" @"objects.list"   -mcpu=cortex-m3 -T"C:\Users\PanTalir\Documents\GitHub\Programming\STM32Cube\06_Debugging_with_PrintF\STM32F103RBTX_FLASH.ld" --specs=nosys.specs -Wl,-Map="06_Debugging_with_PrintF.map" -Wl,--gc-sections -static --specs=nano.specs -mfloat-abi=soft -mthumb -Wl,--start-group -lc -lm -lstdc++ -lsupc++ -Wl,--end-group
Finished building target: 06_Debugging_with_PrintF.elf
 
arm-none-eabi-size  06_Debugging_with_PrintF.elf 
arm-none-eabi-objdump -h -S 06_Debugging_with_PrintF.elf  > "06_Debugging_with_PrintF.list"
   text	   data	    bss	    dec	    hex	filename
   8964	    104	   1904	  10972	   2adc	06_Debugging_with_PrintF.elf
Finished building: default.size.stdout
 
Finished building: 06_Debugging_with_PrintF.list
 
18:55:32 **** Incremental Build of configuration Debug for project 06_Debugging_with_PrintF ****
make -j4 all 
arm-none-eabi-gcc "../Core/Src/main.c" -mcpu=cortex-m3 -std=gnu11 -g3 -DDEBUG -DUSE_HAL_DRIVER -DSTM32F103xB -c -I../Core/Inc -I../Drivers/STM32F1xx_HAL_Driver/Inc -I../Drivers/STM32F1xx_HAL_Driver/Inc/Legacy -I../Drivers/CMSIS/Device/ST/STM32F1xx/Include -I../Drivers/CMSIS/Include -O0 -ffunction-sections -fdata-sections -Wall -fstack-usage -fcyclomatic-complexity -MMD -MP -MF"Core/Src/main.d" -MT"Core/Src/main.o" --specs=nano.specs -mfloat-abi=soft -mthumb -o "Core/Src/main.o"
../Core/Src/main.c: In function 'main':
../Core/Src/main.c:42:17: warning: implicit declaration of function 'printf' [-Wimplicit-function-declaration]
   42 |                 printf("Hello World!! \n");
      |                 ^~~~~~
../Core/Src/main.c:7:1: note: include '<stdio.h>' or provide a declaration of 'printf'
    6 | #include "main.h"
  +++ |+#include <stdio.h>
    7 | 
../Core/Src/main.c:42:17: warning: incompatible implicit declaration of built-in function 'printf' [-Wbuiltin-declaration-mismatch]
   42 |                 printf("Hello World!! \n");
      |                 ^~~~~~
../Core/Src/main.c:42:17: note: include '<stdio.h>' or provide a declaration of 'printf'
arm-none-eabi-g++ -o "06_Debugging_with_PrintF.elf" @"objects.list"   -mcpu=cortex-m3 -T"C:\Users\PanTalir\Documents\GitHub\Programming\STM32Cube\06_Debugging_with_PrintF\STM32F103RBTX_FLASH.ld" --specs=nosys.specs -Wl,-Map="06_Debugging_with_PrintF.map" -Wl,--gc-sections -static --specs=nano.specs -mfloat-abi=soft -mthumb -Wl,--start-group -lc -lm -lstdc++ -lsupc++ -Wl,--end-group
Finished building target: 06_Debugging_with_PrintF.elf
 
arm-none-eabi-size  06_Debugging_with_PrintF.elf 
arm-none-eabi-objdump -h -S 06_Debugging_with_PrintF.elf  > "06_Debugging_with_PrintF.list"
   text	   data	    bss	    dec	    hex	filename
   7592	    104	   1904	   9600	   2580	06_Debugging_with_PrintF.elf
Finished building: default.size.stdout
 
Finished building: 06_Debugging_with_PrintF.list
 
18:56:27 **** Incremental Build of configuration Debug for project 06_Debugging_with_PrintF ****
make -j4 all 
arm-none-eabi-gcc "../Core/Src/main.c" -mcpu=cortex-m3 -std=gnu11 -g3 -DDEBUG -DUSE_HAL_DRIVER -DSTM32F103xB -c -I../Core/Inc -I../Drivers/STM32F1xx_HAL_Driver/Inc -I../Drivers/STM32F1xx_HAL_Driver/Inc/Legacy -I../Drivers/CMSIS/Device/ST/STM32F1xx/Include -I../Drivers/CMSIS/Include -O0 -ffunction-sections -fdata-sections -Wall -fstack-usage -fcyclomatic-complexity -MMD -MP -MF"Core/Src/main.d" -MT"Core/Src/main.o" --specs=nano.specs -mfloat-abi=soft -mthumb -o "Core/Src/main.o"
../Core/Src/main.c: In function 'main':
../Core/Src/main.c:42:17: warning: implicit declaration of function 'printf' [-Wimplicit-function-declaration]
   42 |                 printf("Hello World!! \n");
      |                 ^~~~~~
../Core/Src/main.c:7:1: note: include '<stdio.h>' or provide a declaration of 'printf'
    6 | #include "main.h"
  +++ |+#include <stdio.h>
    7 | 
../Core/Src/main.c:42:17: warning: incompatible implicit declaration of built-in function 'printf' [-Wbuiltin-declaration-mismatch]
   42 |                 printf("Hello World!! \n");
      |                 ^~~~~~
../Core/Src/main.c:42:17: note: include '<stdio.h>' or provide a declaration of 'printf'
arm-none-eabi-g++ -o "06_Debugging_with_PrintF.elf" @"objects.list"   -mcpu=cortex-m3 -T"C:\Users\PanTalir\Documents\GitHub\Programming\STM32Cube\06_Debugging_with_PrintF\STM32F103RBTX_FLASH.ld" --specs=nosys.specs -Wl,-Map="06_Debugging_with_PrintF.map" -Wl,--gc-sections -static --specs=nano.specs -mfloat-abi=soft -mthumb -Wl,--start-group -lc -lm -lstdc++ -lsupc++ -Wl,--end-group
Finished building target: 06_Debugging_with_PrintF.elf
 
arm-none-eabi-size  06_Debugging_with_PrintF.elf 
arm-none-eabi-objdump -h -S 06_Debugging_with_PrintF.elf  > "06_Debugging_with_PrintF.list"
   text	   data	    bss	    dec	    hex	filename
   7516	    104	   1904	   9524	   2534	06_Debugging_with_PrintF.elf
Finished building: default.size.stdout
 
Finished building: 06_Debugging_with_PrintF.list
 
18:56:54 **** Incremental Build of configuration Debug for project 06_Debugging_with_PrintF ****
make -j4 all 
arm-none-eabi-gcc "../Core/Src/main.c" -mcpu=cortex-m3 -std=gnu11 -g3 -DDEBUG -DUSE_HAL_DRIVER -DSTM32F103xB -c -I../Core/Inc -I../Drivers/STM32F1xx_HAL_Driver/Inc -I../Drivers/STM32F1xx_HAL_Driver/Inc/Legacy -I../Drivers/CMSIS/Device/ST/STM32F1xx/Include -I../Drivers/CMSIS/Include -O0 -ffunction-sections -fdata-sections -Wall -fstack-usage -fcyclomatic-complexity -MMD -MP -MF"Core/Src/main.d" -MT"Core/Src/main.o" --specs=nano.specs -mfloat-abi=soft -mthumb -o "Core/Src/main.o"
../Core/Src/main.c: In function 'main':
../Core/Src/main.c:42:17: warning: implicit declaration of function 'printf' [-Wimplicit-function-declaration]
   42 |                 printf("Hello World!! \n");
      |                 ^~~~~~
../Core/Src/main.c:7:1: note: include '<stdio.h>' or provide a declaration of 'printf'
    6 | #include "main.h"
  +++ |+#include <stdio.h>
    7 | 
../Core/Src/main.c:42:17: warning: incompatible implicit declaration of built-in function 'printf' [-Wbuiltin-declaration-mismatch]
   42 |                 printf("Hello World!! \n");
      |                 ^~~~~~
../Core/Src/main.c:42:17: note: include '<stdio.h>' or provide a declaration of 'printf'
arm-none-eabi-g++ -o "06_Debugging_with_PrintF.elf" @"objects.list"   -mcpu=cortex-m3 -T"C:\Users\PanTalir\Documents\GitHub\Programming\STM32Cube\06_Debugging_with_PrintF\STM32F103RBTX_FLASH.ld" --specs=nosys.specs -Wl,-Map="06_Debugging_with_PrintF.map" -Wl,--gc-sections -static --specs=nano.specs -mfloat-abi=soft -mthumb -Wl,--start-group -lc -lm -lstdc++ -lsupc++ -Wl,--end-group
Finished building target: 06_Debugging_with_PrintF.elf
 
arm-none-eabi-size  06_Debugging_with_PrintF.elf 
arm-none-eabi-objdump -h -S 06_Debugging_with_PrintF.elf  > "06_Debugging_with_PrintF.list"
   text	   data	    bss	    dec	    hex	filename
   7592	    104	   1904	   9600	   2580	06_Debugging_with_PrintF.elf
Finished building: default.size.stdout
 
Finished building: 06_Debugging_with_PrintF.list
 
